[+] Containers:
 |- [+] Container: /Game/Profesor/Clase14/ThirdPersonMap
 |   |- [+] ActorDescs:
 |   |   |- Guid:0598EEE24E3E912E4E4419A9B7ADE1AE BaseClass: NativeClass:/Script/Engine.StaticMeshActor Name:StaticMeshActor_1 Label:SM_Cube SpatiallyLoaded:1 Bounds:IsValid=true, Min=(X=0.000 Y=0.000 Z=-50.000), Max=(X=3000.000 Y=3500.000 Z=0.000) RuntimeGrid:None EditorOnly:0 RuntimeOnly:0 HLODRelevant:1 ListedInSceneOutliner:1 IsMainWorldOnly:0 FolderPath:Playground FolderGuid:C73F09FC4215536B1DCE2A9E0A830C70
 |   |   |- Guid:103A825C420E16821E6CCD9794425607 BaseClass:/Game/Profesor/Clase14/BP_InteractionActor3.BP_InteractionActor3_C NativeClass:/Script/Engine.Actor Name:BP_InteractionActor3_C_UAID_0250410000014CC702_1972915027 Label:BP_InteractionActor12 SpatiallyLoaded:1 Bounds:IsValid=true, Min=(X=661.581 Y=659.004 Z=0.000), Max=(X=686.419 Y=772.996 Z=211.996) RuntimeGrid:None EditorOnly:0 RuntimeOnly:0 HLODRelevant:0 ListedInSceneOutliner:1 IsMainWorldOnly:0
 |   |   |- Guid:171BE6D34AB1C29A535AA8BBDB35F987 BaseClass: NativeClass:/Script/Engine.WorldDataLayers Name:WorldDataLayers Label:WorldDataLayers SpatiallyLoaded:0 Bounds:Invalid RuntimeGrid:None EditorOnly:0 RuntimeOnly:0 HLODRelevant:0 ListedInSceneOutliner:1 IsMainWorldOnly:1
 |   |   |- Guid:1A6D934A4683A1A812672A9FD76510C7 BaseClass: NativeClass:/Script/Engine.SkyLight Name:SkyLight_1 Label:SkyLight SpatiallyLoaded:0 Bounds:IsValid=true, Min=(X=0.000 Y=0.000 Z=690.000), Max=(X=0.000 Y=0.000 Z=690.000) RuntimeGrid:None EditorOnly:0 RuntimeOnly:0 HLODRelevant:0 ListedInSceneOutliner:1 IsMainWorldOnly:0 FolderPath:Lighting FolderGuid:963EC3EB4002CCE9759E2EBA541A873A
 |   |   |- Guid:1D57B2AD41B68D7C593BF2BE04973464 BaseClass:/Game/Profesor/Clase14/BP_InteractionActor2.BP_InteractionActor2_C NativeClass:/Script/Engine.Actor Name:BP_InteractionActor2_C_UAID_0250410000014BC702_1968778841 Label:BP_InteractionActor2 SpatiallyLoaded:1 Bounds:IsValid=true, Min=(X=1154.691 Y=99.934 Z=67.952), Max=(X=1191.309 Y=118.309 Z=97.370) RuntimeGrid:None EditorOnly:0 RuntimeOnly:0 HLODRelevant:0 ListedInSceneOutliner:1 IsMainWorldOnly:0
 |   |   |- Guid:255C3B524EFC02E6370CB9BD154F3DE0 BaseClass:/Game/Profesor/Clase14/BP_InteractionActor2.BP_InteractionActor2_C NativeClass:/Script/Engine.Actor Name:BP_InteractionActor2_C_UAID_0250410000014BC702_2023574845 Label:BP_InteractionActor6 SpatiallyLoaded:1 Bounds:IsValid=true, Min=(X=1905.691 Y=99.934 Z=67.952), Max=(X=1942.309 Y=118.309 Z=97.370) RuntimeGrid:None EditorOnly:0 RuntimeOnly:0 HLODRelevant:0 ListedInSceneOutliner:1 IsMainWorldOnly:0
 |   |   |- Guid:2F51467B4A9E54A092577CB97DDA530E BaseClass: NativeClass:/Script/Engine.StaticMeshActor Name:StaticMeshActor_6 Label:SM_Cube3 SpatiallyLoaded:1 Bounds:IsValid=true, Min=(X=0.000 Y=3400.000 Z=0.000), Max=(X=3000.000 Y=3500.000 Z=400.000) RuntimeGrid:None EditorOnly:0 RuntimeOnly:0 HLODRelevant:1 ListedInSceneOutliner:1 IsMainWorldOnly:0 FolderPath:Playground FolderGuid:C73F09FC4215536B1DCE2A9E0A830C70
 |   |   |- Guid:354B0EAD4971BFF3B1E9F1BBCEC302E9 BaseClass: NativeClass:/Script/Engine.StaticMeshActor Name:StaticMeshActor_UAID_A4AE111137DC5EFB00_1110535423 Label:SM_SkySphere SpatiallyLoaded:0 Bounds:IsValid=true, Min=(X=-1638400.000 Y=-1638400.000 Z=-1638400.000), Max=(X=1638400.000 Y=1638400.000 Z=1638400.000) RuntimeGrid:None EditorOnly:0 RuntimeOnly:0 HLODRelevant:0 ListedInSceneOutliner:1 IsMainWorldOnly:0 FolderPath:Lighting FolderGuid:963EC3EB4002CCE9759E2EBA541A873A
 |   |   |- Guid:3841CC4647FE77B63884DB9D36969E9C BaseClass: NativeClass:/Script/Engine.SkyAtmosphere Name:SkyAtmosphere_0 Label:SkyAtmosphere SpatiallyLoaded:0 Bounds:IsValid=true, Min=(X=0.000 Y=0.000 Z=1020.000), Max=(X=0.000 Y=0.000 Z=1020.000) RuntimeGrid:None EditorOnly:0 RuntimeOnly:0 HLODRelevant:0 ListedInSceneOutliner:1 IsMainWorldOnly:0 FolderPath:Lighting FolderGuid:963EC3EB4002CCE9759E2EBA541A873A
 |   |   |- Guid:3CFB95BD419788B8EC24E5857E83A16B BaseClass:/Game/Profesor/Clase14/BP_InteractionActor3.BP_InteractionActor3_C NativeClass:/Script/Engine.Actor Name:BP_InteractionActor3_C_UAID_0250410000014CC702_1970213026 Label:BP_InteractionActor11 SpatiallyLoaded:1 Bounds:IsValid=true, Min=(X=2039.581 Y=723.004 Z=0.000), Max=(X=2064.419 Y=836.996 Z=211.996) RuntimeGrid:None EditorOnly:0 RuntimeOnly:0 HLODRelevant:0 ListedInSceneOutliner:1 IsMainWorldOnly:0
 |   |   |- Guid:542F38264475AC5E4232D7BD27B72458 BaseClass: NativeClass:/Script/Engine.TextRenderActor Name:TextRenderActor_1 Label:TextRenderActor SpatiallyLoaded:1 Bounds:IsValid=true, Min=(X=-0.100 Y=1100.000 Z=65.013), Max=(X=-0.100 Y=2392.308 Z=215.013) RuntimeGrid:None EditorOnly:0 RuntimeOnly:0 HLODRelevant:0 ListedInSceneOutliner:1 IsMainWorldOnly:0
 |   |   |- Guid:5A4223D24F2680BDF691698C9DF77F5F BaseClass:/Game/Profesor/Clase14/BP_TestActor.BP_TestActor_C NativeClass:/Script/Engine.Actor Name:BP_TestActor_C_UAID_025041000001A4CB02_1847369727 Label:BP_TestActor SpatiallyLoaded:1 Bounds:IsValid=true, Min=(X=761.000 Y=1875.000 Z=37.000), Max=(X=861.000 Y=1975.000 Z=137.000) RuntimeGrid:None EditorOnly:0 RuntimeOnly:0 HLODRelevant:0 ListedInSceneOutliner:1 IsMainWorldOnly:0
 |   |   |- Guid:5DD4A5B54246EEA0477DBD88B859A14F BaseClass:/Game/Profesor/Clase14/BP_InteractionCube.BP_InteractionCube_C NativeClass:/Script/Engine.Actor Name:BP_InteractionCube_C_UAID_02504100000146C702_2101301959 Label:BP_InteractionCube SpatiallyLoaded:1 Bounds:IsValid=true, Min=(X=1566.000 Y=1176.000 Z=-131.000), Max=(X=1966.000 Y=1576.000 Z=269.000) RuntimeGrid:None EditorOnly:0 RuntimeOnly:0 HLODRelevant:0 ListedInSceneOutliner:1 IsMainWorldOnly:0
 |   |   |- Guid:679E6DAF4D42A8FD61D9AEBD4B70FCF2 BaseClass: NativeClass:/Script/Engine.StaticMeshActor Name:StaticMeshActor_0 Label:SM_Cube5 SpatiallyLoaded:1 Bounds:IsValid=true, Min=(X=-0.000 Y=100.000 Z=0.000), Max=(X=100.000 Y=3400.000 Z=400.000) RuntimeGrid:None EditorOnly:0 RuntimeOnly:0 HLODRelevant:1 ListedInSceneOutliner:1 IsMainWorldOnly:0 FolderPath:Playground FolderGuid:C73F09FC4215536B1DCE2A9E0A830C70
 |   |   |- Guid:75C793604E6F59F4540E4FACF49440C9 BaseClass:/Game/Profesor/Clase14/BP_InteractionActor2.BP_InteractionActor2_C NativeClass:/Script/Engine.Actor Name:BP_InteractionActor2_C_UAID_0250410000014BC702_2019871844 Label:BP_InteractionActor5 SpatiallyLoaded:1 Bounds:IsValid=true, Min=(X=520.691 Y=99.934 Z=67.952), Max=(X=557.309 Y=118.309 Z=97.370) RuntimeGrid:None EditorOnly:0 RuntimeOnly:0 HLODRelevant:0 ListedInSceneOutliner:1 IsMainWorldOnly:0
 |   |   |- Guid:76EF18414FFCE9C473D9B793929E5DA5 BaseClass: NativeClass:/Script/Engine.VolumetricCloud Name:VolumetricCloud_0 Label:VolumetricCloud SpatiallyLoaded:0 Bounds:IsValid=true, Min=(X=0.000 Y=0.000 Z=820.000), Max=(X=0.000 Y=0.000 Z=820.000) RuntimeGrid:None EditorOnly:0 RuntimeOnly:0 HLODRelevant:0 ListedInSceneOutliner:1 IsMainWorldOnly:0 FolderPath:Lighting FolderGuid:963EC3EB4002CCE9759E2EBA541A873A
 |   |   |- Guid:8B226CD04623A279756B338EE4811F46 BaseClass:/Game/Profesor/Clase14/BP_InteractionActor1.BP_InteractionActor1_C NativeClass:/Script/Engine.Actor Name:BP_InteractionActor1_C_UAID_0250410000014CC702_1600167023 Label:BP_InteractionActor8 SpatiallyLoaded:1 Bounds:IsValid=true, Min=(X=1300.000 Y=2023.000 Z=0.000), Max=(X=1500.000 Y=2223.000 Z=20.000) RuntimeGrid:None EditorOnly:0 RuntimeOnly:0 HLODRelevant:0 ListedInSceneOutliner:1 IsMainWorldOnly:0
 |   |   |- Guid:978161E44637D920291AE680014A0338 BaseClass:/Game/Profesor/Clase14/BP_InteractionActor3.BP_InteractionActor3_C NativeClass:/Script/Engine.Actor Name:BP_InteractionActor3_C_UAID_0250410000014CC702_1967778025 Label:BP_InteractionActor10 SpatiallyLoaded:1 Bounds:IsValid=true, Min=(X=663.581 Y=1049.004 Z=0.000), Max=(X=688.419 Y=1162.996 Z=211.996) RuntimeGrid:None EditorOnly:0 RuntimeOnly:0 HLODRelevant:0 ListedInSceneOutliner:1 IsMainWorldOnly:0
 |   |   |- Guid:9862BD704F453B090183FAB77069226C BaseClass: NativeClass:/Script/Engine.StaticMeshActor Name:StaticMeshActor_5 Label:SM_Cube2 SpatiallyLoaded:1 Bounds:IsValid=true, Min=(X=0.000 Y=0.000 Z=0.000), Max=(X=3000.000 Y=100.000 Z=400.000) RuntimeGrid:None EditorOnly:0 RuntimeOnly:0 HLODRelevant:1 ListedInSceneOutliner:1 IsMainWorldOnly:0 FolderPath:Playground FolderGuid:C73F09FC4215536B1DCE2A9E0A830C70
 |   |   |- Guid:98676FEB43693AB1231025A7455DF6F3 BaseClass:/Game/Profesor/Clase14/BP_InteractionActor1.BP_InteractionActor1_C NativeClass:/Script/Engine.Actor Name:BP_InteractionActor1_C_UAID_0250410000014CC702_1597114022 Label:BP_InteractionActor7 SpatiallyLoaded:1 Bounds:IsValid=true, Min=(X=1300.000 Y=1812.000 Z=0.000), Max=(X=1500.000 Y=2012.000 Z=20.000) RuntimeGrid:None EditorOnly:0 RuntimeOnly:0 HLODRelevant:0 ListedInSceneOutliner:1 IsMainWorldOnly:0
 |   |   |- Guid:9B7870B2435A1758C9C16F95A8B63C5F BaseClass: NativeClass:/Script/Engine.PlayerStart Name:PlayerStart_0 Label:PlayerStart SpatiallyLoaded:0 Bounds:IsValid=true, Min=(X=1141.000 Y=1070.000 Z=0.013), Max=(X=1221.000 Y=1150.000 Z=184.013) RuntimeGrid:None EditorOnly:0 RuntimeOnly:0 HLODRelevant:0 ListedInSceneOutliner:1 IsMainWorldOnly:0
 |   |   |- Guid:9F360F264E2144770CE1CCA8A52176CB BaseClass: NativeClass:/Script/Engine.PlayerStart Name:PlayerStart_UAID_B40EDE8A8EF43AC502_1936717735 Label:PlayerStart2 SpatiallyLoaded:0 Bounds:IsValid=true, Min=(X=1141.000 Y=1531.000 Z=0.013), Max=(X=1221.000 Y=1611.000 Z=184.013) RuntimeGrid:None EditorOnly:0 RuntimeOnly:0 HLODRelevant:0 ListedInSceneOutliner:1 IsMainWorldOnly:0
 |   |   |- Guid:AA9C326648B16BC6E327E4991A3F7F69 BaseClass:/Game/Profesor/Clase14/BP_InteractionActor1.BP_InteractionActor1_C NativeClass:/Script/Engine.Actor Name:BP_InteractionActor1_C_UAID_0250410000014AC702_1830631664 Label:BP_InteractionActor1 SpatiallyLoaded:1 Bounds:IsValid=true, Min=(X=1300.000 Y=1600.000 Z=0.000), Max=(X=1500.000 Y=1800.000 Z=20.000) RuntimeGrid:None EditorOnly:0 RuntimeOnly:0 HLODRelevant:0 ListedInSceneOutliner:1 IsMainWorldOnly:0
 |   |   |- Guid:AAF323294E80A737AD4170B3B5D872A0 BaseClass:/Game/Profesor/Clase14/BP_InteractionActor2.BP_InteractionActor2_C NativeClass:/Script/Engine.Actor Name:BP_InteractionActor2_C_UAID_0250410000014BC702_2017645843 Label:BP_InteractionActor4 SpatiallyLoaded:1 Bounds:IsValid=true, Min=(X=827.691 Y=99.934 Z=67.952), Max=(X=864.309 Y=118.309 Z=97.370) RuntimeGrid:None EditorOnly:0 RuntimeOnly:0 HLODRelevant:0 ListedInSceneOutliner:1 IsMainWorldOnly:0
 |   |   |- Guid:C10F2CBA4948019B4F36E7AB67FBD767 BaseClass:/Game/Profesor/Clase14/BP_TestActor.BP_TestActor_C NativeClass:/Script/Engine.Actor Name:BP_TestActor_C_UAID_025041000001A4CB02_1852851729 Label:BP_TestActor3 SpatiallyLoaded:1 Bounds:IsValid=true, Min=(X=1001.000 Y=1875.000 Z=37.000), Max=(X=1101.000 Y=1975.000 Z=137.000) RuntimeGrid:None EditorOnly:0 RuntimeOnly:0 HLODRelevant:0 ListedInSceneOutliner:1 IsMainWorldOnly:0
 |   |   |- Guid:CBB72C154AE7A435648543A28F80100E BaseClass: NativeClass:/Script/Engine.StaticMeshActor Name:StaticMeshActor_4 Label:SM_Cube6 SpatiallyLoaded:1 Bounds:IsValid=true, Min=(X=2900.000 Y=100.000 Z=0.000), Max=(X=3000.000 Y=3400.000 Z=400.000) RuntimeGrid:None EditorOnly:0 RuntimeOnly:0 HLODRelevant:1 ListedInSceneOutliner:1 IsMainWorldOnly:0 FolderPath:Playground FolderGuid:C73F09FC4215536B1DCE2A9E0A830C70
 |   |   |- Guid:D2D60C5B4033C1A5B7CEE2A4E01735CD BaseClass:/Game/Profesor/Clase14/BP_InteractionActor1.BP_InteractionActor1_C NativeClass:/Script/Engine.Actor Name:BP_InteractionActor1_C_UAID_0250410000014CC702_1603753024 Label:BP_InteractionActor9 SpatiallyLoaded:1 Bounds:IsValid=true, Min=(X=1300.000 Y=2231.000 Z=0.000), Max=(X=1500.000 Y=2431.000 Z=20.000) RuntimeGrid:None EditorOnly:0 RuntimeOnly:0 HLODRelevant:0 ListedInSceneOutliner:1 IsMainWorldOnly:0
 |   |   |- Guid:DBF2D67E43F434583699929DB473D8E3 BaseClass:/Game/Profesor/Clase14/BP_InteractionActor2.BP_InteractionActor2_C NativeClass:/Script/Engine.Actor Name:BP_InteractionActor2_C_UAID_0250410000014BC702_2013183842 Label:BP_InteractionActor3 SpatiallyLoaded:1 Bounds:IsValid=true, Min=(X=1536.691 Y=99.934 Z=67.952), Max=(X=1573.309 Y=118.309 Z=97.370) RuntimeGrid:None EditorOnly:0 RuntimeOnly:0 HLODRelevant:0 ListedInSceneOutliner:1 IsMainWorldOnly:0
 |   |   |- Guid:DC0605EE40B86C6163F74DBD5DD88683 BaseClass: NativeClass:/Script/Engine.DirectionalLight Name:DirectionalLight_0 Label:DirectionalLight SpatiallyLoaded:0 Bounds:Invalid RuntimeGrid:None EditorOnly:0 RuntimeOnly:0 HLODRelevant:0 ListedInSceneOutliner:1 IsMainWorldOnly:0 FolderPath:Lighting FolderGuid:963EC3EB4002CCE9759E2EBA541A873A
 |   |   |- Guid:E0BEFA284E4C1A41C34108B690A99565 BaseClass:/Game/Profesor/Clase14/BP_TestActor.BP_TestActor_C NativeClass:/Script/Engine.Actor Name:BP_TestActor_C_UAID_025041000001A4CB02_1851815728 Label:BP_TestActor2 SpatiallyLoaded:1 Bounds:IsValid=true, Min=(X=556.000 Y=1875.000 Z=37.000), Max=(X=656.000 Y=1975.000 Z=137.000) RuntimeGrid:None EditorOnly:0 RuntimeOnly:0 HLODRelevant:0 ListedInSceneOutliner:1 IsMainWorldOnly:0
 |   |   |- Guid:E51F97C142C13F2113C2DC95F2AECDCE BaseClass: NativeClass:/Script/Engine.PostProcessVolume Name:PostProcessVolume_0 Label:PostProcessVolume SpatiallyLoaded:0 Bounds:IsValid=true, Min=(X=0.000 Y=0.000 Z=400.000), Max=(X=200.000 Y=200.000 Z=600.000) RuntimeGrid:None EditorOnly:0 RuntimeOnly:0 HLODRelevant:0 ListedInSceneOutliner:1 IsMainWorldOnly:0 FolderPath:Lighting FolderGuid:963EC3EB4002CCE9759E2EBA541A873A
 |   |   |- Guid:FB0F623E4EC0CEA62A35D5B3E34B07FA BaseClass: NativeClass:/Script/Engine.ExponentialHeightFog Name:ExponentialHeightFog_0 Label:ExponentialHeightFog SpatiallyLoaded:0 Bounds:IsValid=true, Min=(X=-5600.000 Y=-50.000 Z=-6850.000), Max=(X=-5600.000 Y=-50.000 Z=-6850.000) RuntimeGrid:None EditorOnly:0 RuntimeOnly:0 HLODRelevant:0 ListedInSceneOutliner:1 IsMainWorldOnly:0 FolderPath:Lighting FolderGuid:963EC3EB4002CCE9759E2EBA541A873A
 |   |- [+] Clusters:
 |   |   |- [+] [  0]
 |   |   |   |- Guid:0598EEE24E3E912E4E4419A9B7ADE1AE BaseClass: NativeClass:/Script/Engine.StaticMeshActor Name:StaticMeshActor_1 Label:SM_Cube SpatiallyLoaded:1 Bounds:IsValid=true, Min=(X=0.000 Y=0.000 Z=-50.000), Max=(X=3000.000 Y=3500.000 Z=0.000) RuntimeGrid:None EditorOnly:0 RuntimeOnly:0 HLODRelevant:1 ListedInSceneOutliner:1 IsMainWorldOnly:0 FolderPath:Playground FolderGuid:C73F09FC4215536B1DCE2A9E0A830C70
 |   |   |- [+] [  1]
 |   |   |   |- Guid:103A825C420E16821E6CCD9794425607 BaseClass:/Game/Profesor/Clase14/BP_InteractionActor3.BP_InteractionActor3_C NativeClass:/Script/Engine.Actor Name:BP_InteractionActor3_C_UAID_0250410000014CC702_1972915027 Label:BP_InteractionActor12 SpatiallyLoaded:1 Bounds:IsValid=true, Min=(X=661.581 Y=659.004 Z=0.000), Max=(X=686.419 Y=772.996 Z=211.996) RuntimeGrid:None EditorOnly:0 RuntimeOnly:0 HLODRelevant:0 ListedInSceneOutliner:1 IsMainWorldOnly:0
 |   |   |- [+] [  2]
 |   |   |   |- Guid:171BE6D34AB1C29A535AA8BBDB35F987 BaseClass: NativeClass:/Script/Engine.WorldDataLayers Name:WorldDataLayers Label:WorldDataLayers SpatiallyLoaded:0 Bounds:Invalid RuntimeGrid:None EditorOnly:0 RuntimeOnly:0 HLODRelevant:0 ListedInSceneOutliner:1 IsMainWorldOnly:1
 |   |   |- [+] [  3]
 |   |   |   |- Guid:1A6D934A4683A1A812672A9FD76510C7 BaseClass: NativeClass:/Script/Engine.SkyLight Name:SkyLight_1 Label:SkyLight SpatiallyLoaded:0 Bounds:IsValid=true, Min=(X=0.000 Y=0.000 Z=690.000), Max=(X=0.000 Y=0.000 Z=690.000) RuntimeGrid:None EditorOnly:0 RuntimeOnly:0 HLODRelevant:0 ListedInSceneOutliner:1 IsMainWorldOnly:0 FolderPath:Lighting FolderGuid:963EC3EB4002CCE9759E2EBA541A873A
 |   |   |- [+] [  4]
 |   |   |   |- Guid:1D57B2AD41B68D7C593BF2BE04973464 BaseClass:/Game/Profesor/Clase14/BP_InteractionActor2.BP_InteractionActor2_C NativeClass:/Script/Engine.Actor Name:BP_InteractionActor2_C_UAID_0250410000014BC702_1968778841 Label:BP_InteractionActor2 SpatiallyLoaded:1 Bounds:IsValid=true, Min=(X=1154.691 Y=99.934 Z=67.952), Max=(X=1191.309 Y=118.309 Z=97.370) RuntimeGrid:None EditorOnly:0 RuntimeOnly:0 HLODRelevant:0 ListedInSceneOutliner:1 IsMainWorldOnly:0
 |   |   |- [+] [  5]
 |   |   |   |- Guid:255C3B524EFC02E6370CB9BD154F3DE0 BaseClass:/Game/Profesor/Clase14/BP_InteractionActor2.BP_InteractionActor2_C NativeClass:/Script/Engine.Actor Name:BP_InteractionActor2_C_UAID_0250410000014BC702_2023574845 Label:BP_InteractionActor6 SpatiallyLoaded:1 Bounds:IsValid=true, Min=(X=1905.691 Y=99.934 Z=67.952), Max=(X=1942.309 Y=118.309 Z=97.370) RuntimeGrid:None EditorOnly:0 RuntimeOnly:0 HLODRelevant:0 ListedInSceneOutliner:1 IsMainWorldOnly:0
 |   |   |- [+] [  6]
 |   |   |   |- Guid:2F51467B4A9E54A092577CB97DDA530E BaseClass: NativeClass:/Script/Engine.StaticMeshActor Name:StaticMeshActor_6 Label:SM_Cube3 SpatiallyLoaded:1 Bounds:IsValid=true, Min=(X=0.000 Y=3400.000 Z=0.000), Max=(X=3000.000 Y=3500.000 Z=400.000) RuntimeGrid:None EditorOnly:0 RuntimeOnly:0 HLODRelevant:1 ListedInSceneOutliner:1 IsMainWorldOnly:0 FolderPath:Playground FolderGuid:C73F09FC4215536B1DCE2A9E0A830C70
 |   |   |- [+] [  7]
 |   |   |   |- Guid:354B0EAD4971BFF3B1E9F1BBCEC302E9 BaseClass: NativeClass:/Script/Engine.StaticMeshActor Name:StaticMeshActor_UAID_A4AE111137DC5EFB00_1110535423 Label:SM_SkySphere SpatiallyLoaded:0 Bounds:IsValid=true, Min=(X=-1638400.000 Y=-1638400.000 Z=-1638400.000), Max=(X=1638400.000 Y=1638400.000 Z=1638400.000) RuntimeGrid:None EditorOnly:0 RuntimeOnly:0 HLODRelevant:0 ListedInSceneOutliner:1 IsMainWorldOnly:0 FolderPath:Lighting FolderGuid:963EC3EB4002CCE9759E2EBA541A873A
 |   |   |- [+] [  8]
 |   |   |   |- Guid:3841CC4647FE77B63884DB9D36969E9C BaseClass: NativeClass:/Script/Engine.SkyAtmosphere Name:SkyAtmosphere_0 Label:SkyAtmosphere SpatiallyLoaded:0 Bounds:IsValid=true, Min=(X=0.000 Y=0.000 Z=1020.000), Max=(X=0.000 Y=0.000 Z=1020.000) RuntimeGrid:None EditorOnly:0 RuntimeOnly:0 HLODRelevant:0 ListedInSceneOutliner:1 IsMainWorldOnly:0 FolderPath:Lighting FolderGuid:963EC3EB4002CCE9759E2EBA541A873A
 |   |   |- [+] [  9]
 |   |   |   |- Guid:3CFB95BD419788B8EC24E5857E83A16B BaseClass:/Game/Profesor/Clase14/BP_InteractionActor3.BP_InteractionActor3_C NativeClass:/Script/Engine.Actor Name:BP_InteractionActor3_C_UAID_0250410000014CC702_1970213026 Label:BP_InteractionActor11 SpatiallyLoaded:1 Bounds:IsValid=true, Min=(X=2039.581 Y=723.004 Z=0.000), Max=(X=2064.419 Y=836.996 Z=211.996) RuntimeGrid:None EditorOnly:0 RuntimeOnly:0 HLODRelevant:0 ListedInSceneOutliner:1 IsMainWorldOnly:0
 |   |   |- [+] [ 10]
 |   |   |   |- Guid:542F38264475AC5E4232D7BD27B72458 BaseClass: NativeClass:/Script/Engine.TextRenderActor Name:TextRenderActor_1 Label:TextRenderActor SpatiallyLoaded:1 Bounds:IsValid=true, Min=(X=-0.100 Y=1100.000 Z=65.013), Max=(X=-0.100 Y=2392.308 Z=215.013) RuntimeGrid:None EditorOnly:0 RuntimeOnly:0 HLODRelevant:0 ListedInSceneOutliner:1 IsMainWorldOnly:0
 |   |   |- [+] [ 11]
 |   |   |   |- Guid:5A4223D24F2680BDF691698C9DF77F5F BaseClass:/Game/Profesor/Clase14/BP_TestActor.BP_TestActor_C NativeClass:/Script/Engine.Actor Name:BP_TestActor_C_UAID_025041000001A4CB02_1847369727 Label:BP_TestActor SpatiallyLoaded:1 Bounds:IsValid=true, Min=(X=761.000 Y=1875.000 Z=37.000), Max=(X=861.000 Y=1975.000 Z=137.000) RuntimeGrid:None EditorOnly:0 RuntimeOnly:0 HLODRelevant:0 ListedInSceneOutliner:1 IsMainWorldOnly:0
 |   |   |- [+] [ 12]
 |   |   |   |- Guid:5DD4A5B54246EEA0477DBD88B859A14F BaseClass:/Game/Profesor/Clase14/BP_InteractionCube.BP_InteractionCube_C NativeClass:/Script/Engine.Actor Name:BP_InteractionCube_C_UAID_02504100000146C702_2101301959 Label:BP_InteractionCube SpatiallyLoaded:1 Bounds:IsValid=true, Min=(X=1566.000 Y=1176.000 Z=-131.000), Max=(X=1966.000 Y=1576.000 Z=269.000) RuntimeGrid:None EditorOnly:0 RuntimeOnly:0 HLODRelevant:0 ListedInSceneOutliner:1 IsMainWorldOnly:0
 |   |   |- [+] [ 13]
 |   |   |   |- Guid:679E6DAF4D42A8FD61D9AEBD4B70FCF2 BaseClass: NativeClass:/Script/Engine.StaticMeshActor Name:StaticMeshActor_0 Label:SM_Cube5 SpatiallyLoaded:1 Bounds:IsValid=true, Min=(X=-0.000 Y=100.000 Z=0.000), Max=(X=100.000 Y=3400.000 Z=400.000) RuntimeGrid:None EditorOnly:0 RuntimeOnly:0 HLODRelevant:1 ListedInSceneOutliner:1 IsMainWorldOnly:0 FolderPath:Playground FolderGuid:C73F09FC4215536B1DCE2A9E0A830C70
 |   |   |- [+] [ 14]
 |   |   |   |- Guid:75C793604E6F59F4540E4FACF49440C9 BaseClass:/Game/Profesor/Clase14/BP_InteractionActor2.BP_InteractionActor2_C NativeClass:/Script/Engine.Actor Name:BP_InteractionActor2_C_UAID_0250410000014BC702_2019871844 Label:BP_InteractionActor5 SpatiallyLoaded:1 Bounds:IsValid=true, Min=(X=520.691 Y=99.934 Z=67.952), Max=(X=557.309 Y=118.309 Z=97.370) RuntimeGrid:None EditorOnly:0 RuntimeOnly:0 HLODRelevant:0 ListedInSceneOutliner:1 IsMainWorldOnly:0
 |   |   |- [+] [ 15]
 |   |   |   |- Guid:76EF18414FFCE9C473D9B793929E5DA5 BaseClass: NativeClass:/Script/Engine.VolumetricCloud Name:VolumetricCloud_0 Label:VolumetricCloud SpatiallyLoaded:0 Bounds:IsValid=true, Min=(X=0.000 Y=0.000 Z=820.000), Max=(X=0.000 Y=0.000 Z=820.000) RuntimeGrid:None EditorOnly:0 RuntimeOnly:0 HLODRelevant:0 ListedInSceneOutliner:1 IsMainWorldOnly:0 FolderPath:Lighting FolderGuid:963EC3EB4002CCE9759E2EBA541A873A
 |   |   |- [+] [ 16]
 |   |   |   |- Guid:8B226CD04623A279756B338EE4811F46 BaseClass:/Game/Profesor/Clase14/BP_InteractionActor1.BP_InteractionActor1_C NativeClass:/Script/Engine.Actor Name:BP_InteractionActor1_C_UAID_0250410000014CC702_1600167023 Label:BP_InteractionActor8 SpatiallyLoaded:1 Bounds:IsValid=true, Min=(X=1300.000 Y=2023.000 Z=0.000), Max=(X=1500.000 Y=2223.000 Z=20.000) RuntimeGrid:None EditorOnly:0 RuntimeOnly:0 HLODRelevant:0 ListedInSceneOutliner:1 IsMainWorldOnly:0
 |   |   |- [+] [ 17]
 |   |   |   |- Guid:978161E44637D920291AE680014A0338 BaseClass:/Game/Profesor/Clase14/BP_InteractionActor3.BP_InteractionActor3_C NativeClass:/Script/Engine.Actor Name:BP_InteractionActor3_C_UAID_0250410000014CC702_1967778025 Label:BP_InteractionActor10 SpatiallyLoaded:1 Bounds:IsValid=true, Min=(X=663.581 Y=1049.004 Z=0.000), Max=(X=688.419 Y=1162.996 Z=211.996) RuntimeGrid:None EditorOnly:0 RuntimeOnly:0 HLODRelevant:0 ListedInSceneOutliner:1 IsMainWorldOnly:0
 |   |   |- [+] [ 18]
 |   |   |   |- Guid:9862BD704F453B090183FAB77069226C BaseClass: NativeClass:/Script/Engine.StaticMeshActor Name:StaticMeshActor_5 Label:SM_Cube2 SpatiallyLoaded:1 Bounds:IsValid=true, Min=(X=0.000 Y=0.000 Z=0.000), Max=(X=3000.000 Y=100.000 Z=400.000) RuntimeGrid:None EditorOnly:0 RuntimeOnly:0 HLODRelevant:1 ListedInSceneOutliner:1 IsMainWorldOnly:0 FolderPath:Playground FolderGuid:C73F09FC4215536B1DCE2A9E0A830C70
 |   |   |- [+] [ 19]
 |   |   |   |- Guid:98676FEB43693AB1231025A7455DF6F3 BaseClass:/Game/Profesor/Clase14/BP_InteractionActor1.BP_InteractionActor1_C NativeClass:/Script/Engine.Actor Name:BP_InteractionActor1_C_UAID_0250410000014CC702_1597114022 Label:BP_InteractionActor7 SpatiallyLoaded:1 Bounds:IsValid=true, Min=(X=1300.000 Y=1812.000 Z=0.000), Max=(X=1500.000 Y=2012.000 Z=20.000) RuntimeGrid:None EditorOnly:0 RuntimeOnly:0 HLODRelevant:0 ListedInSceneOutliner:1 IsMainWorldOnly:0
 |   |   |- [+] [ 20]
 |   |   |   |- Guid:9B7870B2435A1758C9C16F95A8B63C5F BaseClass: NativeClass:/Script/Engine.PlayerStart Name:PlayerStart_0 Label:PlayerStart SpatiallyLoaded:0 Bounds:IsValid=true, Min=(X=1141.000 Y=1070.000 Z=0.013), Max=(X=1221.000 Y=1150.000 Z=184.013) RuntimeGrid:None EditorOnly:0 RuntimeOnly:0 HLODRelevant:0 ListedInSceneOutliner:1 IsMainWorldOnly:0
 |   |   |- [+] [ 21]
 |   |   |   |- Guid:9F360F264E2144770CE1CCA8A52176CB BaseClass: NativeClass:/Script/Engine.PlayerStart Name:PlayerStart_UAID_B40EDE8A8EF43AC502_1936717735 Label:PlayerStart2 SpatiallyLoaded:0 Bounds:IsValid=true, Min=(X=1141.000 Y=1531.000 Z=0.013), Max=(X=1221.000 Y=1611.000 Z=184.013) RuntimeGrid:None EditorOnly:0 RuntimeOnly:0 HLODRelevant:0 ListedInSceneOutliner:1 IsMainWorldOnly:0
 |   |   |- [+] [ 22]
 |   |   |   |- Guid:AA9C326648B16BC6E327E4991A3F7F69 BaseClass:/Game/Profesor/Clase14/BP_InteractionActor1.BP_InteractionActor1_C NativeClass:/Script/Engine.Actor Name:BP_InteractionActor1_C_UAID_0250410000014AC702_1830631664 Label:BP_InteractionActor1 SpatiallyLoaded:1 Bounds:IsValid=true, Min=(X=1300.000 Y=1600.000 Z=0.000), Max=(X=1500.000 Y=1800.000 Z=20.000) RuntimeGrid:None EditorOnly:0 RuntimeOnly:0 HLODRelevant:0 ListedInSceneOutliner:1 IsMainWorldOnly:0
 |   |   |- [+] [ 23]
 |   |   |   |- Guid:AAF323294E80A737AD4170B3B5D872A0 BaseClass:/Game/Profesor/Clase14/BP_InteractionActor2.BP_InteractionActor2_C NativeClass:/Script/Engine.Actor Name:BP_InteractionActor2_C_UAID_0250410000014BC702_2017645843 Label:BP_InteractionActor4 SpatiallyLoaded:1 Bounds:IsValid=true, Min=(X=827.691 Y=99.934 Z=67.952), Max=(X=864.309 Y=118.309 Z=97.370) RuntimeGrid:None EditorOnly:0 RuntimeOnly:0 HLODRelevant:0 ListedInSceneOutliner:1 IsMainWorldOnly:0
 |   |   |- [+] [ 24]
 |   |   |   |- Guid:C10F2CBA4948019B4F36E7AB67FBD767 BaseClass:/Game/Profesor/Clase14/BP_TestActor.BP_TestActor_C NativeClass:/Script/Engine.Actor Name:BP_TestActor_C_UAID_025041000001A4CB02_1852851729 Label:BP_TestActor3 SpatiallyLoaded:1 Bounds:IsValid=true, Min=(X=1001.000 Y=1875.000 Z=37.000), Max=(X=1101.000 Y=1975.000 Z=137.000) RuntimeGrid:None EditorOnly:0 RuntimeOnly:0 HLODRelevant:0 ListedInSceneOutliner:1 IsMainWorldOnly:0
 |   |   |- [+] [ 25]
 |   |   |   |- Guid:CBB72C154AE7A435648543A28F80100E BaseClass: NativeClass:/Script/Engine.StaticMeshActor Name:StaticMeshActor_4 Label:SM_Cube6 SpatiallyLoaded:1 Bounds:IsValid=true, Min=(X=2900.000 Y=100.000 Z=0.000), Max=(X=3000.000 Y=3400.000 Z=400.000) RuntimeGrid:None EditorOnly:0 RuntimeOnly:0 HLODRelevant:1 ListedInSceneOutliner:1 IsMainWorldOnly:0 FolderPath:Playground FolderGuid:C73F09FC4215536B1DCE2A9E0A830C70
 |   |   |- [+] [ 26]
 |   |   |   |- Guid:D2D60C5B4033C1A5B7CEE2A4E01735CD BaseClass:/Game/Profesor/Clase14/BP_InteractionActor1.BP_InteractionActor1_C NativeClass:/Script/Engine.Actor Name:BP_InteractionActor1_C_UAID_0250410000014CC702_1603753024 Label:BP_InteractionActor9 SpatiallyLoaded:1 Bounds:IsValid=true, Min=(X=1300.000 Y=2231.000 Z=0.000), Max=(X=1500.000 Y=2431.000 Z=20.000) RuntimeGrid:None EditorOnly:0 RuntimeOnly:0 HLODRelevant:0 ListedInSceneOutliner:1 IsMainWorldOnly:0
 |   |   |- [+] [ 27]
 |   |   |   |- Guid:DBF2D67E43F434583699929DB473D8E3 BaseClass:/Game/Profesor/Clase14/BP_InteractionActor2.BP_InteractionActor2_C NativeClass:/Script/Engine.Actor Name:BP_InteractionActor2_C_UAID_0250410000014BC702_2013183842 Label:BP_InteractionActor3 SpatiallyLoaded:1 Bounds:IsValid=true, Min=(X=1536.691 Y=99.934 Z=67.952), Max=(X=1573.309 Y=118.309 Z=97.370) RuntimeGrid:None EditorOnly:0 RuntimeOnly:0 HLODRelevant:0 ListedInSceneOutliner:1 IsMainWorldOnly:0
 |   |   |- [+] [ 28]
 |   |   |   |- Guid:DC0605EE40B86C6163F74DBD5DD88683 BaseClass: NativeClass:/Script/Engine.DirectionalLight Name:DirectionalLight_0 Label:DirectionalLight SpatiallyLoaded:0 Bounds:Invalid RuntimeGrid:None EditorOnly:0 RuntimeOnly:0 HLODRelevant:0 ListedInSceneOutliner:1 IsMainWorldOnly:0 FolderPath:Lighting FolderGuid:963EC3EB4002CCE9759E2EBA541A873A
 |   |   |- [+] [ 29]
 |   |   |   |- Guid:E0BEFA284E4C1A41C34108B690A99565 BaseClass:/Game/Profesor/Clase14/BP_TestActor.BP_TestActor_C NativeClass:/Script/Engine.Actor Name:BP_TestActor_C_UAID_025041000001A4CB02_1851815728 Label:BP_TestActor2 SpatiallyLoaded:1 Bounds:IsValid=true, Min=(X=556.000 Y=1875.000 Z=37.000), Max=(X=656.000 Y=1975.000 Z=137.000) RuntimeGrid:None EditorOnly:0 RuntimeOnly:0 HLODRelevant:0 ListedInSceneOutliner:1 IsMainWorldOnly:0
 |   |   |- [+] [ 30]
 |   |   |   |- Guid:E51F97C142C13F2113C2DC95F2AECDCE BaseClass: NativeClass:/Script/Engine.PostProcessVolume Name:PostProcessVolume_0 Label:PostProcessVolume SpatiallyLoaded:0 Bounds:IsValid=true, Min=(X=0.000 Y=0.000 Z=400.000), Max=(X=200.000 Y=200.000 Z=600.000) RuntimeGrid:None EditorOnly:0 RuntimeOnly:0 HLODRelevant:0 ListedInSceneOutliner:1 IsMainWorldOnly:0 FolderPath:Lighting FolderGuid:963EC3EB4002CCE9759E2EBA541A873A
 |   |   |- [+] [ 31]
 |   |   |   |- Guid:FB0F623E4EC0CEA62A35D5B3E34B07FA BaseClass: NativeClass:/Script/Engine.ExponentialHeightFog Name:ExponentialHeightFog_0 Label:ExponentialHeightFog SpatiallyLoaded:0 Bounds:IsValid=true, Min=(X=-5600.000 Y=-50.000 Z=-6850.000), Max=(X=-5600.000 Y=-50.000 Z=-6850.000) RuntimeGrid:None EditorOnly:0 RuntimeOnly:0 HLODRelevant:0 ListedInSceneOutliner:1 IsMainWorldOnly:0 FolderPath:Lighting FolderGuid:963EC3EB4002CCE9759E2EBA541A873A
 |- ContainerInstances:
 |- [+] MainContainer:
 |   |-        ID: 00000000000000000000000000000000
 |   |-  ParentID: 00000000000000000000000000000000
 |   |-    Bounds: IsValid=false, Min=(X=0.000 Y=0.000 Z=0.000), Max=(X=0.000 Y=0.000 Z=0.000)
 |   |- Transform: 0.000000,0.000000,0.000000|0.000000,0.000000,-0.000000|1.000000,1.000000,1.000000
 |   |- Container: /Game/Profesor/Clase14/ThirdPersonMap
----------------------------------------------------------------------------------------------------------------
ThirdPersonMap - Persistent Level
----------------------------------------------------------------------------------------------------------------
[+] Content of ThirdPersonMap Persistent Level
 |- Always loaded Actor Count: 32 
 |- Actor Path: /Game/Profesor/Clase14/ThirdPersonMap.ThirdPersonMap:PersistentLevel.BP_InteractionActor1_C_UAID_0250410000014AC702_1830631664
 |- Actor Package: /Game/__ExternalActors__/Profesor/Clase14/ThirdPersonMap/1/E7/2CV86R3E2GS9DJSN3FQ6F4
 |- Actor Path: /Game/Profesor/Clase14/ThirdPersonMap.ThirdPersonMap:PersistentLevel.BP_InteractionActor1_C_UAID_0250410000014CC702_1597114022
 |- Actor Package: /Game/__ExternalActors__/Profesor/Clase14/ThirdPersonMap/4/RA/XR3ZHFQ8EORLQP02P480Z3
 |- Actor Path: /Game/Profesor/Clase14/ThirdPersonMap.ThirdPersonMap:PersistentLevel.BP_InteractionActor1_C_UAID_0250410000014CC702_1600167023
 |- Actor Package: /Game/__ExternalActors__/Profesor/Clase14/ThirdPersonMap/5/VI/GUOCM9KYHFHYK3EYRWH83N
 |- Actor Path: /Game/Profesor/Clase14/ThirdPersonMap.ThirdPersonMap:PersistentLevel.BP_InteractionActor1_C_UAID_0250410000014CC702_1603753024
 |- Actor Package: /Game/__ExternalActors__/Profesor/Clase14/ThirdPersonMap/5/VK/K70GESQG9EJRJQBJ6CH1UB
 |- Actor Path: /Game/Profesor/Clase14/ThirdPersonMap.ThirdPersonMap:PersistentLevel.BP_InteractionActor2_C_UAID_0250410000014BC702_1968778841
 |- Actor Package: /Game/__ExternalActors__/Profesor/Clase14/ThirdPersonMap/C/JJ/N1RFHQ08Y9JCYI40MQG50M
 |- Actor Path: /Game/Profesor/Clase14/ThirdPersonMap.ThirdPersonMap:PersistentLevel.BP_InteractionActor2_C_UAID_0250410000014BC702_2013183842
 |- Actor Package: /Game/__ExternalActors__/Profesor/Clase14/ThirdPersonMap/4/YL/CH9EGP99SKLZAVAUK9B8NW
 |- Actor Path: /Game/Profesor/Clase14/ThirdPersonMap.ThirdPersonMap:PersistentLevel.BP_InteractionActor2_C_UAID_0250410000014BC702_2017645843
 |- Actor Package: /Game/__ExternalActors__/Profesor/Clase14/ThirdPersonMap/6/YZ/LU5IZ1CUBIKV8NMHYD21G0
 |- Actor Path: /Game/Profesor/Clase14/ThirdPersonMap.ThirdPersonMap:PersistentLevel.BP_InteractionActor2_C_UAID_0250410000014BC702_2019871844
 |- Actor Package: /Game/__ExternalActors__/Profesor/Clase14/ThirdPersonMap/7/AR/QHTO9W6GP5UHE0P0C2CONP
 |- Actor Path: /Game/Profesor/Clase14/ThirdPersonMap.ThirdPersonMap:PersistentLevel.BP_InteractionActor2_C_UAID_0250410000014BC702_2023574845
 |- Actor Package: /Game/__ExternalActors__/Profesor/Clase14/ThirdPersonMap/2/XB/CCS0AIZD8JB1K9JX4A1CL2
 |- Actor Path: /Game/Profesor/Clase14/ThirdPersonMap.ThirdPersonMap:PersistentLevel.BP_InteractionActor3_C_UAID_0250410000014CC702_1967778025
 |- Actor Package: /Game/__ExternalActors__/Profesor/Clase14/ThirdPersonMap/8/EU/S1T4W4DGTKT8XJ3O1R6BVY
 |- Actor Path: /Game/Profesor/Clase14/ThirdPersonMap.ThirdPersonMap:PersistentLevel.BP_InteractionActor3_C_UAID_0250410000014CC702_1970213026
 |- Actor Package: /Game/__ExternalActors__/Profesor/Clase14/ThirdPersonMap/0/0P/45NZYQUBV10MG9J01UFOKG
 |- Actor Path: /Game/Profesor/Clase14/ThirdPersonMap.ThirdPersonMap:PersistentLevel.BP_InteractionActor3_C_UAID_0250410000014CC702_1972915027
 |- Actor Package: /Game/__ExternalActors__/Profesor/Clase14/ThirdPersonMap/2/MK/7ZWIZTAX4BLMUIKN1UBEI5
 |- Actor Path: /Game/Profesor/Clase14/ThirdPersonMap.ThirdPersonMap:PersistentLevel.BP_InteractionCube_C_UAID_02504100000146C702_2101301959
 |- Actor Package: /Game/__ExternalActors__/Profesor/Clase14/ThirdPersonMap/4/CR/Q2E6BPZJIE72HAWU6CNNGT
 |- Actor Path: /Game/Profesor/Clase14/ThirdPersonMap.ThirdPersonMap:PersistentLevel.BP_TestActor_C_UAID_025041000001A4CB02_1847369727
 |- Actor Package: /Game/__ExternalActors__/Profesor/Clase14/ThirdPersonMap/2/JO/NGJ8YWYFT2X1HOVK9L0EGG
 |- Actor Path: /Game/Profesor/Clase14/ThirdPersonMap.ThirdPersonMap:PersistentLevel.BP_TestActor_C_UAID_025041000001A4CB02_1851815728
 |- Actor Package: /Game/__ExternalActors__/Profesor/Clase14/ThirdPersonMap/8/SJ/DO8W2VRO4D3CBHQQ4ZL09V
 |- Actor Path: /Game/Profesor/Clase14/ThirdPersonMap.ThirdPersonMap:PersistentLevel.BP_TestActor_C_UAID_025041000001A4CB02_1852851729
 |- Actor Package: /Game/__ExternalActors__/Profesor/Clase14/ThirdPersonMap/3/IN/CGC00NKEP3M9KET3TD26DP
 |- Actor Path: /Game/Profesor/Clase14/ThirdPersonMap.ThirdPersonMap:PersistentLevel.DirectionalLight_0
 |- Actor Package: /Game/__ExternalActors__/Profesor/Clase14/ThirdPersonMap/5/R1/TS5OQ5CRUWFZYL1ZQ7I416
 |- Actor Path: /Game/Profesor/Clase14/ThirdPersonMap.ThirdPersonMap:PersistentLevel.ExponentialHeightFog_0
 |- Actor Package: /Game/__ExternalActors__/Profesor/Clase14/ThirdPersonMap/6/J7/N10XDC9G27EMLS5AGZ6AVV
 |- Actor Path: /Game/Profesor/Clase14/ThirdPersonMap.ThirdPersonMap:PersistentLevel.PlayerStart_0
 |- Actor Package: /Game/__ExternalActors__/Profesor/Clase14/ThirdPersonMap/D/DE/SWSI13675DVYIZ0N4NF7Y3
 |- Actor Path: /Game/Profesor/Clase14/ThirdPersonMap.ThirdPersonMap:PersistentLevel.PlayerStart_UAID_B40EDE8A8EF43AC502_1936717735
 |- Actor Package: /Game/__ExternalActors__/Profesor/Clase14/ThirdPersonMap/5/UM/26HKPOI7POVE5LSTSZAQER
 |- Actor Path: /Game/Profesor/Clase14/ThirdPersonMap.ThirdPersonMap:PersistentLevel.PostProcessVolume_0
 |- Actor Package: /Game/__ExternalActors__/Profesor/Clase14/ThirdPersonMap/1/AZ/A7GPT109Y6ZTTJD4A7TXER
 |- Actor Path: /Game/Profesor/Clase14/ThirdPersonMap.ThirdPersonMap:PersistentLevel.SkyAtmosphere_0
 |- Actor Package: /Game/__ExternalActors__/Profesor/Clase14/ThirdPersonMap/4/LN/30UBDLYFFA5ZR7U4W4L4GG
 |- Actor Path: /Game/Profesor/Clase14/ThirdPersonMap.ThirdPersonMap:PersistentLevel.SkyLight_1
 |- Actor Package: /Game/__ExternalActors__/Profesor/Clase14/ThirdPersonMap/8/S1/DXUWD12MD3HRWVVXX076BY
 |- Actor Path: /Game/Profesor/Clase14/ThirdPersonMap.ThirdPersonMap:PersistentLevel.StaticMeshActor_0
 |- Actor Package: /Game/__ExternalActors__/Profesor/Clase14/ThirdPersonMap/A/MS/MRHJREJ6H7USQYWF1KO8F6
 |- Actor Path: /Game/Profesor/Clase14/ThirdPersonMap.ThirdPersonMap:PersistentLevel.StaticMeshActor_1
 |- Actor Package: /Game/__ExternalActors__/Profesor/Clase14/ThirdPersonMap/6/YO/NG2R9BPZVA7ZDN0Z4VSTG6
 |- Actor Path: /Game/Profesor/Clase14/ThirdPersonMap.ThirdPersonMap:PersistentLevel.StaticMeshActor_4
 |- Actor Package: /Game/__ExternalActors__/Profesor/Clase14/ThirdPersonMap/5/9Q/U98KGKQ41NJYFOGFQM8ZDY
 |- Actor Path: /Game/Profesor/Clase14/ThirdPersonMap.ThirdPersonMap:PersistentLevel.StaticMeshActor_5
 |- Actor Package: /Game/__ExternalActors__/Profesor/Clase14/ThirdPersonMap/C/QF/BY1DA5CRGQSAMOTK8RA8KR
 |- Actor Path: /Game/Profesor/Clase14/ThirdPersonMap.ThirdPersonMap:PersistentLevel.StaticMeshActor_6
 |- Actor Package: /Game/__ExternalActors__/Profesor/Clase14/ThirdPersonMap/D/0G/JNKFA4X9LRMSF343ESPF6Q
 |- Actor Path: /Game/Profesor/Clase14/ThirdPersonMap.ThirdPersonMap:PersistentLevel.StaticMeshActor_UAID_A4AE111137DC5EFB00_1110535423
 |- Actor Package: /Game/__ExternalActors__/Profesor/Clase14/ThirdPersonMap/4/PN/2QISIGK5DJNQ05US8O8FXW
 |- Actor Path: /Game/Profesor/Clase14/ThirdPersonMap.ThirdPersonMap:PersistentLevel.TextRenderActor_1
 |- Actor Package: /Game/__ExternalActors__/Profesor/Clase14/ThirdPersonMap/1/WU/NB37RT5Q32Z8MJWD8BD2SO
 |- Actor Path: /Game/Profesor/Clase14/ThirdPersonMap.ThirdPersonMap:PersistentLevel.VolumetricCloud_0
 |- Actor Package: /Game/__ExternalActors__/Profesor/Clase14/ThirdPersonMap/3/EY/87SHEJN5UBEAN2K5OV1G6R
 |- Actor Path: /Game/Profesor/Clase14/ThirdPersonMap.ThirdPersonMap:PersistentLevel.WorldDataLayers
 |- Actor Package: /Game/__ExternalActors__/Profesor/Clase14/ThirdPersonMap/0/43/HYQWORMY4JDQ5X3OKZXFLC

----------------------------------------------------------------------------------------------------------------
ThirdPersonMap - Runtime Hash Set
----------------------------------------------------------------------------------------------------------------

