[+] Containers:
 |- [+] Container: /Game/Profesor/Clase15/Possession/VehicleExampleMap
 |   |- [+] ActorDescs:
 |   |   |- Guid:04689C3B408952114CD364A7E6BC9230 BaseClass: NativeClass:/Script/Engine.StaticMeshActor Name:StaticMeshActor_0 Label:SM_Cube5 SpatiallyLoaded:1 Bounds:IsValid=true, Min=(X=12500.000 Y=-12600.000 Z=0.000), Max=(X=12600.002 Y=12500.000 Z=300.000) RuntimeGrid:None EditorOnly:0 RuntimeOnly:0 HLODRelevant:1 ListedInSceneOutliner:1 IsMainWorldOnly:0 FolderPath:Landscape FolderGuid:912F765E4714A1DB296369A3E4390900
 |   |   |- Guid:0845A4CA49DE5EBCAA80DBBF58CFE89E BaseClass: NativeClass:/Script/Engine.VolumetricCloud Name:VolumetricCloud_0 Label:VolumetricCloud SpatiallyLoaded:0 Bounds:IsValid=true, Min=(X=-12600.000 Y=-12600.000 Z=720.000), Max=(X=-12600.000 Y=-12600.000 Z=720.000) RuntimeGrid:None EditorOnly:0 RuntimeOnly:0 HLODRelevant:0 ListedInSceneOutliner:1 IsMainWorldOnly:0 FolderPath:Lighting FolderGuid:602030AD4CB26C050EF7B98FCA62FBCA
 |   |   |- Guid:20C0F6F24DC74937561F3F95F7A5280C BaseClass: NativeClass:/Script/Engine.StaticMeshActor Name:StaticMeshActor_12 Label:SM_Cylinder10 SpatiallyLoaded:1 Bounds:IsValid=true, Min=(X=-650.000 Y=-6700.000 Z=-12.615), Max=(X=-550.000 Y=-6100.000 Z=12.615) RuntimeGrid:None EditorOnly:0 RuntimeOnly:0 HLODRelevant:1 ListedInSceneOutliner:1 IsMainWorldOnly:0 FolderPath:Obstacles/Roadbumps FolderGuid:FEEBC32E4868314ED344A2BDA4C895E1
 |   |   |- Guid:3193B9CC401D4917203441B5EB88044D BaseClass: NativeClass:/Script/Engine.StaticMeshActor Name:StaticMeshActor_14 Label:SM_Cylinder2 SpatiallyLoaded:1 Bounds:IsValid=true, Min=(X=-825.000 Y=325.000 Z=0.000), Max=(X=-775.000 Y=375.000 Z=150.000) RuntimeGrid:None EditorOnly:0 RuntimeOnly:0 HLODRelevant:0 ListedInSceneOutliner:1 IsMainWorldOnly:0 FolderPath:Obstacles/Bollards FolderGuid:6FA7726D48C50C2F676EE28F88CF905C
 |   |   |- Guid:3C31F38A47344A6C9939908DE9383804 BaseClass: NativeClass:/Script/Engine.TextRenderActor Name:TextRenderActor_1 Label:TextRenderActor SpatiallyLoaded:1 Bounds:IsValid=true, Min=(X=-12610.004 Y=-661.458 Z=70.598), Max=(X=-12609.996 Y=661.619 Z=270.598) RuntimeGrid:None EditorOnly:0 RuntimeOnly:0 HLODRelevant:0 ListedInSceneOutliner:1 IsMainWorldOnly:0
 |   |   |- Guid:3D5EC6344DDDA5F499B4ED88E57495F5 BaseClass: NativeClass:/Script/Engine.StaticMeshActor Name:StaticMeshActor_20 Label:SM_Cylinder12 SpatiallyLoaded:1 Bounds:IsValid=true, Min=(X=-250.000 Y=-6700.000 Z=-12.615), Max=(X=-150.000 Y=-6100.000 Z=12.615) RuntimeGrid:None EditorOnly:0 RuntimeOnly:0 HLODRelevant:1 ListedInSceneOutliner:1 IsMainWorldOnly:0 FolderPath:Obstacles/Roadbumps FolderGuid:FEEBC32E4868314ED344A2BDA4C895E1
 |   |   |- Guid:40588F7140A658B123EF249642D83AA7 BaseClass: NativeClass:/Script/Engine.StaticMeshActor Name:StaticMeshActor_15 Label:SM_Cylinder3 SpatiallyLoaded:1 Bounds:IsValid=true, Min=(X=-25.000 Y=325.000 Z=0.000), Max=(X=25.000 Y=375.000 Z=150.000) RuntimeGrid:None EditorOnly:0 RuntimeOnly:0 HLODRelevant:0 ListedInSceneOutliner:1 IsMainWorldOnly:0 FolderPath:Obstacles/Bollards FolderGuid:6FA7726D48C50C2F676EE28F88CF905C
 |   |   |- Guid:42C796FD4E87E23466776E809227D6FC BaseClass: NativeClass:/Script/Landscape.LandscapeStreamingProxy Name:LandscapeStreamingProxy_BN55SI9ETKGRY904720BQHPG3_1_0_1_0 Label:LandscapeStreamingProxy_0_1_0 SpatiallyLoaded:1 Bounds:IsValid=true, Min=(X=-12600.000 Y=0.000 Z=-100.000), Max=(X=0.000 Y=12600.000 Z=100.000) RuntimeGrid:None EditorOnly:0 RuntimeOnly:0 HLODRelevant:1 ListedInSceneOutliner:1 IsMainWorldOnly:0
 |   |   |- Guid:4B22A9F44ED9910C5CD2BEA0AB347DC4 BaseClass: NativeClass:/Script/Engine.ExponentialHeightFog Name:ExponentialHeightFog_0 Label:ExponentialHeightFog SpatiallyLoaded:0 Bounds:IsValid=true, Min=(X=-18200.000 Y=-12650.000 Z=-6950.000), Max=(X=-18200.000 Y=-12650.000 Z=-6950.000) RuntimeGrid:None EditorOnly:0 RuntimeOnly:0 HLODRelevant:0 ListedInSceneOutliner:1 IsMainWorldOnly:0 FolderPath:Lighting FolderGuid:602030AD4CB26C050EF7B98FCA62FBCA
 |   |   |- Guid:4C49A5BE461854C05C4957A7EF70F7C4 BaseClass: NativeClass:/Script/Engine.WorldDataLayers Name:WorldDataLayers Label:WorldDataLayers-1 SpatiallyLoaded:0 Bounds:Invalid RuntimeGrid:None EditorOnly:0 RuntimeOnly:0 HLODRelevant:0 ListedInSceneOutliner:1 IsMainWorldOnly:1
 |   |   |- Guid:4EEDB83A41C88351D33B309B6613DDB0 BaseClass: NativeClass:/Script/Landscape.Landscape Name:Landscape_0 Label:Landscape SpatiallyLoaded:0 Bounds:IsValid=true, Min=(X=-25200.000 Y=-25200.000 Z=0.000), Max=(X=-25200.000 Y=-25200.000 Z=0.000) RuntimeGrid:None EditorOnly:0 RuntimeOnly:0 HLODRelevant:0 ListedInSceneOutliner:1 IsMainWorldOnly:0 FolderPath:Landscape FolderGuid:912F765E4714A1DB296369A3E4390900
 |   |   |- Guid:4F26D7C84277F7ED9EF042BB95999FFC BaseClass: NativeClass:/Script/Engine.StaticMeshActor Name:StaticMeshActor_9 Label:SM_Cylinder7 SpatiallyLoaded:1 Bounds:IsValid=true, Min=(X=-1238.452 Y=-6700.000 Z=-12.292), Max=(X=-1139.097 Y=-6100.645 Z=12.292) RuntimeGrid:None EditorOnly:0 RuntimeOnly:0 HLODRelevant:1 ListedInSceneOutliner:1 IsMainWorldOnly:0 FolderPath:Obstacles/Roadbumps FolderGuid:FEEBC32E4868314ED344A2BDA4C895E1
 |   |   |- Guid:525D7D4442EE15ECAB1D4F9042BDC981 BaseClass: NativeClass:/Script/Engine.StaticMeshActor Name:StaticMeshActor_6 Label:SM_Cube7 SpatiallyLoaded:1 Bounds:IsValid=true, Min=(X=-12600.003 Y=-12500.001 Z=0.000), Max=(X=-12500.001 Y=12599.999 Z=300.000) RuntimeGrid:None EditorOnly:0 RuntimeOnly:0 HLODRelevant:1 ListedInSceneOutliner:1 IsMainWorldOnly:0 FolderPath:Landscape FolderGuid:912F765E4714A1DB296369A3E4390900
 |   |   |- Guid:529C6BC04A695DD77270E78ACA5B86FE BaseClass: NativeClass:/Script/Engine.PostProcessVolume Name:PostProcessVolume_0 Label:PostProcessVolume SpatiallyLoaded:0 Bounds:IsValid=true, Min=(X=-12600.000 Y=-12600.000 Z=300.000), Max=(X=-12400.000 Y=-12400.000 Z=500.000) RuntimeGrid:None EditorOnly:0 RuntimeOnly:0 HLODRelevant:0 ListedInSceneOutliner:1 IsMainWorldOnly:0 FolderPath:Lighting FolderGuid:602030AD4CB26C050EF7B98FCA62FBCA
 |   |   |- Guid:58BD3C814DE5AD7B1D3A109E8DE7E0A8 BaseClass: NativeClass:/Script/Engine.StaticMeshActor Name:StaticMeshActor_18 Label:SM_Cylinder6 SpatiallyLoaded:1 Bounds:IsValid=true, Min=(X=2375.000 Y=325.000 Z=0.000), Max=(X=2425.000 Y=375.000 Z=150.000) RuntimeGrid:None EditorOnly:0 RuntimeOnly:0 HLODRelevant:0 ListedInSceneOutliner:1 IsMainWorldOnly:0 FolderPath:Obstacles/Bollards FolderGuid:6FA7726D48C50C2F676EE28F88CF905C
 |   |   |- Guid:5A6758FF408356D113D7FAA2A9F97159 BaseClass: NativeClass:/Script/Engine.SkyAtmosphere Name:SkyAtmosphere_0 Label:SkyAtmosphere SpatiallyLoaded:0 Bounds:IsValid=true, Min=(X=-12600.000 Y=-12600.000 Z=920.000), Max=(X=-12600.000 Y=-12600.000 Z=920.000) RuntimeGrid:None EditorOnly:0 RuntimeOnly:0 HLODRelevant:0 ListedInSceneOutliner:1 IsMainWorldOnly:0 FolderPath:Lighting FolderGuid:602030AD4CB26C050EF7B98FCA62FBCA
 |   |   |- Guid:5DB91DC644B71CEFCEA36BAE3059F695 BaseClass: NativeClass:/Script/Engine.StaticMeshActor Name:StaticMeshActor_13 Label:SM_Cylinder SpatiallyLoaded:1 Bounds:IsValid=true, Min=(X=-1625.000 Y=325.000 Z=0.000), Max=(X=-1575.000 Y=375.000 Z=150.000) RuntimeGrid:None EditorOnly:0 RuntimeOnly:0 HLODRelevant:0 ListedInSceneOutliner:1 IsMainWorldOnly:0 FolderPath:Obstacles/Bollards FolderGuid:6FA7726D48C50C2F676EE28F88CF905C
 |   |   |- Guid:61A6FCF84D4C1C13E77F34A12F7C5855 BaseClass: NativeClass:/Script/Landscape.LandscapeStreamingProxy Name:LandscapeStreamingProxy_BN55SI9ETKGRY904720BQHPG3_1_1_1_0 Label:LandscapeStreamingProxy_1_1_0 SpatiallyLoaded:1 Bounds:IsValid=true, Min=(X=0.000 Y=0.000 Z=-100.000), Max=(X=12600.000 Y=12600.000 Z=100.000) RuntimeGrid:None EditorOnly:0 RuntimeOnly:0 HLODRelevant:1 ListedInSceneOutliner:1 IsMainWorldOnly:0
 |   |   |- Guid:6BB2ADA743C992FE37D8AB8286EAF961 BaseClass: NativeClass:/Script/Landscape.LandscapeStreamingProxy Name:LandscapeStreamingProxy_BN55SI9ETKGRY904720BQHPG3_1_1_0_0 Label:LandscapeStreamingProxy_1_0_0 SpatiallyLoaded:1 Bounds:IsValid=true, Min=(X=0.000 Y=-12600.000 Z=-100.000), Max=(X=12600.000 Y=0.000 Z=100.000) RuntimeGrid:None EditorOnly:0 RuntimeOnly:0 HLODRelevant:1 ListedInSceneOutliner:1 IsMainWorldOnly:0
 |   |   |- Guid:704DAFA1474CD50BC68BEBBC80F77E0D BaseClass: NativeClass:/Script/Engine.StaticMeshActor Name:StaticMeshActor_23 Label:SM_Ramp2 SpatiallyLoaded:1 Bounds:IsValid=true, Min=(X=1800.000 Y=-6700.000 Z=-20.000), Max=(X=2400.000 Y=-6100.000 Z=100.000) RuntimeGrid:None EditorOnly:0 RuntimeOnly:0 HLODRelevant:1 ListedInSceneOutliner:1 IsMainWorldOnly:0 FolderPath:Obstacles/Ramp FolderGuid:EC5389A3411DCBDB8DD9AAAE3D5DDEDA
 |   |   |- Guid:72ECE8A34FBF85E8E148ADB24B43F8E1 BaseClass: NativeClass:/Script/Engine.StaticMeshActor Name:StaticMeshActor_19 Label:SM_Cylinder11 SpatiallyLoaded:1 Bounds:IsValid=true, Min=(X=-450.000 Y=-6700.000 Z=-12.615), Max=(X=-350.000 Y=-6100.000 Z=12.615) RuntimeGrid:None EditorOnly:0 RuntimeOnly:0 HLODRelevant:1 ListedInSceneOutliner:1 IsMainWorldOnly:0 FolderPath:Obstacles/Roadbumps FolderGuid:FEEBC32E4868314ED344A2BDA4C895E1
 |   |   |- Guid:92D4568F47F9344FAA59BDAE4FBEA470 BaseClass: NativeClass:/Script/Engine.StaticMeshActor Name:StaticMeshActor_UAID_A4AE111137DC5DFB00_1630210247 Label:SM_SkySphere SpatiallyLoaded:1 Bounds:IsValid=true, Min=(X=-1638400.000 Y=-1638400.000 Z=-1638400.000), Max=(X=1638400.000 Y=1638400.000 Z=1638400.000) RuntimeGrid:None EditorOnly:0 RuntimeOnly:0 HLODRelevant:1 ListedInSceneOutliner:1 IsMainWorldOnly:0 FolderPath:Lighting FolderGuid:602030AD4CB26C050EF7B98FCA62FBCA
 |   |   |- Guid:9D4C90FD478F0C5FEE5EC7BBF50A7436 BaseClass: NativeClass:/Script/Engine.StaticMeshActor Name:StaticMeshActor_17 Label:SM_Cylinder5 SpatiallyLoaded:1 Bounds:IsValid=true, Min=(X=1575.000 Y=325.000 Z=0.000), Max=(X=1625.000 Y=375.000 Z=150.000) RuntimeGrid:None EditorOnly:0 RuntimeOnly:0 HLODRelevant:0 ListedInSceneOutliner:1 IsMainWorldOnly:0 FolderPath:Obstacles/Bollards FolderGuid:6FA7726D48C50C2F676EE28F88CF905C
 |   |   |- Guid:A24BA8B24C252F10C19545AFC202DAB6 BaseClass: NativeClass:/Script/Engine.StaticMeshActor Name:StaticMeshActor_10 Label:SM_Cylinder8 SpatiallyLoaded:1 Bounds:IsValid=true, Min=(X=-1049.678 Y=-6700.000 Z=-12.292), Max=(X=-950.322 Y=-6100.645 Z=12.292) RuntimeGrid:None EditorOnly:0 RuntimeOnly:0 HLODRelevant:1 ListedInSceneOutliner:1 IsMainWorldOnly:0 FolderPath:Obstacles/Roadbumps FolderGuid:FEEBC32E4868314ED344A2BDA4C895E1
 |   |   |- Guid:A7BA12BF4C4BF3691BE332B109896743 BaseClass: NativeClass:/Script/Engine.StaticMeshActor Name:StaticMeshActor_4 Label:SM_Cube4 SpatiallyLoaded:1 Bounds:IsValid=true, Min=(X=-12600.000 Y=-12600.001 Z=0.000), Max=(X=12500.000 Y=-12500.000 Z=300.000) RuntimeGrid:None EditorOnly:0 RuntimeOnly:0 HLODRelevant:1 ListedInSceneOutliner:1 IsMainWorldOnly:0 FolderPath:Landscape FolderGuid:912F765E4714A1DB296369A3E4390900
 |   |   |- Guid:AD2B0E854661792C13C538B98B198160 BaseClass: NativeClass:/Script/Engine.StaticMeshActor Name:StaticMeshActor_11 Label:SM_Cylinder9 SpatiallyLoaded:1 Bounds:IsValid=true, Min=(X=-850.000 Y=-6700.000 Z=-12.615), Max=(X=-750.000 Y=-6100.000 Z=12.615) RuntimeGrid:None EditorOnly:0 RuntimeOnly:0 HLODRelevant:1 ListedInSceneOutliner:1 IsMainWorldOnly:0 FolderPath:Obstacles/Roadbumps FolderGuid:FEEBC32E4868314ED344A2BDA4C895E1
 |   |   |- Guid:AF4DE8CE4F8F8BEC7B3637955EE2722E BaseClass: NativeClass:/Script/Engine.StaticMeshActor Name:StaticMeshActor_5 Label:SM_Cube6 SpatiallyLoaded:1 Bounds:IsValid=true, Min=(X=-12500.001 Y=12500.001 Z=0.000), Max=(X=12599.999 Y=12600.003 Z=300.000) RuntimeGrid:None EditorOnly:0 RuntimeOnly:0 HLODRelevant:1 ListedInSceneOutliner:1 IsMainWorldOnly:0 FolderPath:Landscape FolderGuid:912F765E4714A1DB296369A3E4390900
 |   |   |- Guid:BE2DDECD41B8C8823A5CD5BB213C14D4 BaseClass: NativeClass:/Script/Landscape.LandscapeStreamingProxy Name:LandscapeStreamingProxy_BN55SI9ETKGRY904720BQHPG3_1_0_0_0 Label:LandscapeStreamingProxy_0_0_0 SpatiallyLoaded:1 Bounds:IsValid=true, Min=(X=-12600.000 Y=-12600.000 Z=-100.000), Max=(X=0.000 Y=0.000 Z=100.000) RuntimeGrid:None EditorOnly:0 RuntimeOnly:0 HLODRelevant:1 ListedInSceneOutliner:1 IsMainWorldOnly:0
 |   |   |- Guid:C5C5B1DD433D757993E2BE892FE9905D BaseClass: NativeClass:/Script/Engine.SkyLight Name:SkyLight_1 Label:SkyLight SpatiallyLoaded:0 Bounds:IsValid=true, Min=(X=-12600.000 Y=-12600.000 Z=590.000), Max=(X=-12600.000 Y=-12600.000 Z=590.000) RuntimeGrid:None EditorOnly:0 RuntimeOnly:0 HLODRelevant:0 ListedInSceneOutliner:1 IsMainWorldOnly:0 FolderPath:Lighting FolderGuid:602030AD4CB26C050EF7B98FCA62FBCA
 |   |   |- Guid:CBF65DF846290040E22E0CA1CB3EFC6D BaseClass: NativeClass:/Script/Engine.StaticMeshActor Name:StaticMeshActor_22 Label:SM_Ramp SpatiallyLoaded:1 Bounds:IsValid=true, Min=(X=700.000 Y=-6700.000 Z=-20.000), Max=(X=1300.000 Y=-6100.000 Z=100.000) RuntimeGrid:None EditorOnly:0 RuntimeOnly:0 HLODRelevant:1 ListedInSceneOutliner:1 IsMainWorldOnly:0 FolderPath:Obstacles/Ramp FolderGuid:EC5389A3411DCBDB8DD9AAAE3D5DDEDA
 |   |   |- Guid:CEA506BF4E1D1DB3B644AFB8BB84AB30 BaseClass: NativeClass:/Script/Engine.StaticMeshActor Name:StaticMeshActor_25 Label:SM_Cube SpatiallyLoaded:1 Bounds:IsValid=true, Min=(X=1300.000 Y=-6700.000 Z=0.000), Max=(X=1800.000 Y=-6100.000 Z=100.000) RuntimeGrid:None EditorOnly:0 RuntimeOnly:0 HLODRelevant:1 ListedInSceneOutliner:1 IsMainWorldOnly:0 FolderPath:Obstacles/Ramp FolderGuid:EC5389A3411DCBDB8DD9AAAE3D5DDEDA
 |   |   |- Guid:D8A837294D835A08E12E7CAE0EB9A58A BaseClass: NativeClass:/Script/Engine.PlayerStart Name:PlayerStart_1 Label:PlayerStart SpatiallyLoaded:0 Bounds:IsValid=true, Min=(X=-3530.000 Y=-9370.000 Z=9.935), Max=(X=-3450.000 Y=-9290.000 Z=101.935) RuntimeGrid:None EditorOnly:0 RuntimeOnly:0 HLODRelevant:0 ListedInSceneOutliner:1 IsMainWorldOnly:0
 |   |   |- Guid:DA3EE6334686C874004BA3AD27172EC9 BaseClass: NativeClass:/Script/Landscape.LandscapeSplineActor Name:LandscapeSplineActor_0 Label:LandscapeSplineActor SpatiallyLoaded:1 Bounds:IsValid=true, Min=(X=-12285.941 Y=-11292.042 Z=-125.084), Max=(X=12264.775 Y=11401.982 Z=875.049) RuntimeGrid:None EditorOnly:0 RuntimeOnly:0 HLODRelevant:1 ListedInSceneOutliner:1 IsMainWorldOnly:0
 |   |   |- Guid:FAA7A98F4D6321AD0842978073BDEF0A BaseClass: NativeClass:/Script/Engine.DirectionalLight Name:DirectionalLight_0 Label:DirectionalLight SpatiallyLoaded:0 Bounds:Invalid RuntimeGrid:None EditorOnly:0 RuntimeOnly:0 HLODRelevant:0 ListedInSceneOutliner:1 IsMainWorldOnly:0 FolderPath:Lighting FolderGuid:602030AD4CB26C050EF7B98FCA62FBCA
 |   |   |- Guid:FC15943B484FC812B12502B0B6C0FA31 BaseClass: NativeClass:/Script/Engine.StaticMeshActor Name:StaticMeshActor_16 Label:SM_Cylinder4 SpatiallyLoaded:1 Bounds:IsValid=true, Min=(X=775.000 Y=325.000 Z=0.000), Max=(X=825.000 Y=375.000 Z=150.000) RuntimeGrid:None EditorOnly:0 RuntimeOnly:0 HLODRelevant:0 ListedInSceneOutliner:1 IsMainWorldOnly:0 FolderPath:Obstacles/Bollards FolderGuid:6FA7726D48C50C2F676EE28F88CF905C
 |   |- [+] Clusters:
 |   |   |- [+] [  0]
 |   |   |   |- Guid:04689C3B408952114CD364A7E6BC9230 BaseClass: NativeClass:/Script/Engine.StaticMeshActor Name:StaticMeshActor_0 Label:SM_Cube5 SpatiallyLoaded:1 Bounds:IsValid=true, Min=(X=12500.000 Y=-12600.000 Z=0.000), Max=(X=12600.002 Y=12500.000 Z=300.000) RuntimeGrid:None EditorOnly:0 RuntimeOnly:0 HLODRelevant:1 ListedInSceneOutliner:1 IsMainWorldOnly:0 FolderPath:Landscape FolderGuid:912F765E4714A1DB296369A3E4390900
 |   |   |- [+] [  1]
 |   |   |   |- Guid:0845A4CA49DE5EBCAA80DBBF58CFE89E BaseClass: NativeClass:/Script/Engine.VolumetricCloud Name:VolumetricCloud_0 Label:VolumetricCloud SpatiallyLoaded:0 Bounds:IsValid=true, Min=(X=-12600.000 Y=-12600.000 Z=720.000), Max=(X=-12600.000 Y=-12600.000 Z=720.000) RuntimeGrid:None EditorOnly:0 RuntimeOnly:0 HLODRelevant:0 ListedInSceneOutliner:1 IsMainWorldOnly:0 FolderPath:Lighting FolderGuid:602030AD4CB26C050EF7B98FCA62FBCA
 |   |   |- [+] [  2]
 |   |   |   |- Guid:20C0F6F24DC74937561F3F95F7A5280C BaseClass: NativeClass:/Script/Engine.StaticMeshActor Name:StaticMeshActor_12 Label:SM_Cylinder10 SpatiallyLoaded:1 Bounds:IsValid=true, Min=(X=-650.000 Y=-6700.000 Z=-12.615), Max=(X=-550.000 Y=-6100.000 Z=12.615) RuntimeGrid:None EditorOnly:0 RuntimeOnly:0 HLODRelevant:1 ListedInSceneOutliner:1 IsMainWorldOnly:0 FolderPath:Obstacles/Roadbumps FolderGuid:FEEBC32E4868314ED344A2BDA4C895E1
 |   |   |- [+] [  3]
 |   |   |   |- Guid:3193B9CC401D4917203441B5EB88044D BaseClass: NativeClass:/Script/Engine.StaticMeshActor Name:StaticMeshActor_14 Label:SM_Cylinder2 SpatiallyLoaded:1 Bounds:IsValid=true, Min=(X=-825.000 Y=325.000 Z=0.000), Max=(X=-775.000 Y=375.000 Z=150.000) RuntimeGrid:None EditorOnly:0 RuntimeOnly:0 HLODRelevant:0 ListedInSceneOutliner:1 IsMainWorldOnly:0 FolderPath:Obstacles/Bollards FolderGuid:6FA7726D48C50C2F676EE28F88CF905C
 |   |   |- [+] [  4]
 |   |   |   |- Guid:3C31F38A47344A6C9939908DE9383804 BaseClass: NativeClass:/Script/Engine.TextRenderActor Name:TextRenderActor_1 Label:TextRenderActor SpatiallyLoaded:1 Bounds:IsValid=true, Min=(X=-12610.004 Y=-661.458 Z=70.598), Max=(X=-12609.996 Y=661.619 Z=270.598) RuntimeGrid:None EditorOnly:0 RuntimeOnly:0 HLODRelevant:0 ListedInSceneOutliner:1 IsMainWorldOnly:0
 |   |   |- [+] [  5]
 |   |   |   |- Guid:3D5EC6344DDDA5F499B4ED88E57495F5 BaseClass: NativeClass:/Script/Engine.StaticMeshActor Name:StaticMeshActor_20 Label:SM_Cylinder12 SpatiallyLoaded:1 Bounds:IsValid=true, Min=(X=-250.000 Y=-6700.000 Z=-12.615), Max=(X=-150.000 Y=-6100.000 Z=12.615) RuntimeGrid:None EditorOnly:0 RuntimeOnly:0 HLODRelevant:1 ListedInSceneOutliner:1 IsMainWorldOnly:0 FolderPath:Obstacles/Roadbumps FolderGuid:FEEBC32E4868314ED344A2BDA4C895E1
 |   |   |- [+] [  6]
 |   |   |   |- Guid:40588F7140A658B123EF249642D83AA7 BaseClass: NativeClass:/Script/Engine.StaticMeshActor Name:StaticMeshActor_15 Label:SM_Cylinder3 SpatiallyLoaded:1 Bounds:IsValid=true, Min=(X=-25.000 Y=325.000 Z=0.000), Max=(X=25.000 Y=375.000 Z=150.000) RuntimeGrid:None EditorOnly:0 RuntimeOnly:0 HLODRelevant:0 ListedInSceneOutliner:1 IsMainWorldOnly:0 FolderPath:Obstacles/Bollards FolderGuid:6FA7726D48C50C2F676EE28F88CF905C
 |   |   |- [+] [  7]
 |   |   |   |- Guid:42C796FD4E87E23466776E809227D6FC BaseClass: NativeClass:/Script/Landscape.LandscapeStreamingProxy Name:LandscapeStreamingProxy_BN55SI9ETKGRY904720BQHPG3_1_0_1_0 Label:LandscapeStreamingProxy_0_1_0 SpatiallyLoaded:1 Bounds:IsValid=true, Min=(X=-12600.000 Y=0.000 Z=-100.000), Max=(X=0.000 Y=12600.000 Z=100.000) RuntimeGrid:None EditorOnly:0 RuntimeOnly:0 HLODRelevant:1 ListedInSceneOutliner:1 IsMainWorldOnly:0
 |   |   |- [+] [  8]
 |   |   |   |- Guid:4B22A9F44ED9910C5CD2BEA0AB347DC4 BaseClass: NativeClass:/Script/Engine.ExponentialHeightFog Name:ExponentialHeightFog_0 Label:ExponentialHeightFog SpatiallyLoaded:0 Bounds:IsValid=true, Min=(X=-18200.000 Y=-12650.000 Z=-6950.000), Max=(X=-18200.000 Y=-12650.000 Z=-6950.000) RuntimeGrid:None EditorOnly:0 RuntimeOnly:0 HLODRelevant:0 ListedInSceneOutliner:1 IsMainWorldOnly:0 FolderPath:Lighting FolderGuid:602030AD4CB26C050EF7B98FCA62FBCA
 |   |   |- [+] [  9]
 |   |   |   |- Guid:4C49A5BE461854C05C4957A7EF70F7C4 BaseClass: NativeClass:/Script/Engine.WorldDataLayers Name:WorldDataLayers Label:WorldDataLayers-1 SpatiallyLoaded:0 Bounds:Invalid RuntimeGrid:None EditorOnly:0 RuntimeOnly:0 HLODRelevant:0 ListedInSceneOutliner:1 IsMainWorldOnly:1
 |   |   |- [+] [ 10]
 |   |   |   |- Guid:4EEDB83A41C88351D33B309B6613DDB0 BaseClass: NativeClass:/Script/Landscape.Landscape Name:Landscape_0 Label:Landscape SpatiallyLoaded:0 Bounds:IsValid=true, Min=(X=-25200.000 Y=-25200.000 Z=0.000), Max=(X=-25200.000 Y=-25200.000 Z=0.000) RuntimeGrid:None EditorOnly:0 RuntimeOnly:0 HLODRelevant:0 ListedInSceneOutliner:1 IsMainWorldOnly:0 FolderPath:Landscape FolderGuid:912F765E4714A1DB296369A3E4390900
 |   |   |- [+] [ 11]
 |   |   |   |- Guid:4F26D7C84277F7ED9EF042BB95999FFC BaseClass: NativeClass:/Script/Engine.StaticMeshActor Name:StaticMeshActor_9 Label:SM_Cylinder7 SpatiallyLoaded:1 Bounds:IsValid=true, Min=(X=-1238.452 Y=-6700.000 Z=-12.292), Max=(X=-1139.097 Y=-6100.645 Z=12.292) RuntimeGrid:None EditorOnly:0 RuntimeOnly:0 HLODRelevant:1 ListedInSceneOutliner:1 IsMainWorldOnly:0 FolderPath:Obstacles/Roadbumps FolderGuid:FEEBC32E4868314ED344A2BDA4C895E1
 |   |   |- [+] [ 12]
 |   |   |   |- Guid:525D7D4442EE15ECAB1D4F9042BDC981 BaseClass: NativeClass:/Script/Engine.StaticMeshActor Name:StaticMeshActor_6 Label:SM_Cube7 SpatiallyLoaded:1 Bounds:IsValid=true, Min=(X=-12600.003 Y=-12500.001 Z=0.000), Max=(X=-12500.001 Y=12599.999 Z=300.000) RuntimeGrid:None EditorOnly:0 RuntimeOnly:0 HLODRelevant:1 ListedInSceneOutliner:1 IsMainWorldOnly:0 FolderPath:Landscape FolderGuid:912F765E4714A1DB296369A3E4390900
 |   |   |- [+] [ 13]
 |   |   |   |- Guid:529C6BC04A695DD77270E78ACA5B86FE BaseClass: NativeClass:/Script/Engine.PostProcessVolume Name:PostProcessVolume_0 Label:PostProcessVolume SpatiallyLoaded:0 Bounds:IsValid=true, Min=(X=-12600.000 Y=-12600.000 Z=300.000), Max=(X=-12400.000 Y=-12400.000 Z=500.000) RuntimeGrid:None EditorOnly:0 RuntimeOnly:0 HLODRelevant:0 ListedInSceneOutliner:1 IsMainWorldOnly:0 FolderPath:Lighting FolderGuid:602030AD4CB26C050EF7B98FCA62FBCA
 |   |   |- [+] [ 14]
 |   |   |   |- Guid:58BD3C814DE5AD7B1D3A109E8DE7E0A8 BaseClass: NativeClass:/Script/Engine.StaticMeshActor Name:StaticMeshActor_18 Label:SM_Cylinder6 SpatiallyLoaded:1 Bounds:IsValid=true, Min=(X=2375.000 Y=325.000 Z=0.000), Max=(X=2425.000 Y=375.000 Z=150.000) RuntimeGrid:None EditorOnly:0 RuntimeOnly:0 HLODRelevant:0 ListedInSceneOutliner:1 IsMainWorldOnly:0 FolderPath:Obstacles/Bollards FolderGuid:6FA7726D48C50C2F676EE28F88CF905C
 |   |   |- [+] [ 15]
 |   |   |   |- Guid:5A6758FF408356D113D7FAA2A9F97159 BaseClass: NativeClass:/Script/Engine.SkyAtmosphere Name:SkyAtmosphere_0 Label:SkyAtmosphere SpatiallyLoaded:0 Bounds:IsValid=true, Min=(X=-12600.000 Y=-12600.000 Z=920.000), Max=(X=-12600.000 Y=-12600.000 Z=920.000) RuntimeGrid:None EditorOnly:0 RuntimeOnly:0 HLODRelevant:0 ListedInSceneOutliner:1 IsMainWorldOnly:0 FolderPath:Lighting FolderGuid:602030AD4CB26C050EF7B98FCA62FBCA
 |   |   |- [+] [ 16]
 |   |   |   |- Guid:5DB91DC644B71CEFCEA36BAE3059F695 BaseClass: NativeClass:/Script/Engine.StaticMeshActor Name:StaticMeshActor_13 Label:SM_Cylinder SpatiallyLoaded:1 Bounds:IsValid=true, Min=(X=-1625.000 Y=325.000 Z=0.000), Max=(X=-1575.000 Y=375.000 Z=150.000) RuntimeGrid:None EditorOnly:0 RuntimeOnly:0 HLODRelevant:0 ListedInSceneOutliner:1 IsMainWorldOnly:0 FolderPath:Obstacles/Bollards FolderGuid:6FA7726D48C50C2F676EE28F88CF905C
 |   |   |- [+] [ 17]
 |   |   |   |- Guid:61A6FCF84D4C1C13E77F34A12F7C5855 BaseClass: NativeClass:/Script/Landscape.LandscapeStreamingProxy Name:LandscapeStreamingProxy_BN55SI9ETKGRY904720BQHPG3_1_1_1_0 Label:LandscapeStreamingProxy_1_1_0 SpatiallyLoaded:1 Bounds:IsValid=true, Min=(X=0.000 Y=0.000 Z=-100.000), Max=(X=12600.000 Y=12600.000 Z=100.000) RuntimeGrid:None EditorOnly:0 RuntimeOnly:0 HLODRelevant:1 ListedInSceneOutliner:1 IsMainWorldOnly:0
 |   |   |- [+] [ 18]
 |   |   |   |- Guid:6BB2ADA743C992FE37D8AB8286EAF961 BaseClass: NativeClass:/Script/Landscape.LandscapeStreamingProxy Name:LandscapeStreamingProxy_BN55SI9ETKGRY904720BQHPG3_1_1_0_0 Label:LandscapeStreamingProxy_1_0_0 SpatiallyLoaded:1 Bounds:IsValid=true, Min=(X=0.000 Y=-12600.000 Z=-100.000), Max=(X=12600.000 Y=0.000 Z=100.000) RuntimeGrid:None EditorOnly:0 RuntimeOnly:0 HLODRelevant:1 ListedInSceneOutliner:1 IsMainWorldOnly:0
 |   |   |- [+] [ 19]
 |   |   |   |- Guid:704DAFA1474CD50BC68BEBBC80F77E0D BaseClass: NativeClass:/Script/Engine.StaticMeshActor Name:StaticMeshActor_23 Label:SM_Ramp2 SpatiallyLoaded:1 Bounds:IsValid=true, Min=(X=1800.000 Y=-6700.000 Z=-20.000), Max=(X=2400.000 Y=-6100.000 Z=100.000) RuntimeGrid:None EditorOnly:0 RuntimeOnly:0 HLODRelevant:1 ListedInSceneOutliner:1 IsMainWorldOnly:0 FolderPath:Obstacles/Ramp FolderGuid:EC5389A3411DCBDB8DD9AAAE3D5DDEDA
 |   |   |- [+] [ 20]
 |   |   |   |- Guid:72ECE8A34FBF85E8E148ADB24B43F8E1 BaseClass: NativeClass:/Script/Engine.StaticMeshActor Name:StaticMeshActor_19 Label:SM_Cylinder11 SpatiallyLoaded:1 Bounds:IsValid=true, Min=(X=-450.000 Y=-6700.000 Z=-12.615), Max=(X=-350.000 Y=-6100.000 Z=12.615) RuntimeGrid:None EditorOnly:0 RuntimeOnly:0 HLODRelevant:1 ListedInSceneOutliner:1 IsMainWorldOnly:0 FolderPath:Obstacles/Roadbumps FolderGuid:FEEBC32E4868314ED344A2BDA4C895E1
 |   |   |- [+] [ 21]
 |   |   |   |- Guid:92D4568F47F9344FAA59BDAE4FBEA470 BaseClass: NativeClass:/Script/Engine.StaticMeshActor Name:StaticMeshActor_UAID_A4AE111137DC5DFB00_1630210247 Label:SM_SkySphere SpatiallyLoaded:1 Bounds:IsValid=true, Min=(X=-1638400.000 Y=-1638400.000 Z=-1638400.000), Max=(X=1638400.000 Y=1638400.000 Z=1638400.000) RuntimeGrid:None EditorOnly:0 RuntimeOnly:0 HLODRelevant:1 ListedInSceneOutliner:1 IsMainWorldOnly:0 FolderPath:Lighting FolderGuid:602030AD4CB26C050EF7B98FCA62FBCA
 |   |   |- [+] [ 22]
 |   |   |   |- Guid:9D4C90FD478F0C5FEE5EC7BBF50A7436 BaseClass: NativeClass:/Script/Engine.StaticMeshActor Name:StaticMeshActor_17 Label:SM_Cylinder5 SpatiallyLoaded:1 Bounds:IsValid=true, Min=(X=1575.000 Y=325.000 Z=0.000), Max=(X=1625.000 Y=375.000 Z=150.000) RuntimeGrid:None EditorOnly:0 RuntimeOnly:0 HLODRelevant:0 ListedInSceneOutliner:1 IsMainWorldOnly:0 FolderPath:Obstacles/Bollards FolderGuid:6FA7726D48C50C2F676EE28F88CF905C
 |   |   |- [+] [ 23]
 |   |   |   |- Guid:A24BA8B24C252F10C19545AFC202DAB6 BaseClass: NativeClass:/Script/Engine.StaticMeshActor Name:StaticMeshActor_10 Label:SM_Cylinder8 SpatiallyLoaded:1 Bounds:IsValid=true, Min=(X=-1049.678 Y=-6700.000 Z=-12.292), Max=(X=-950.322 Y=-6100.645 Z=12.292) RuntimeGrid:None EditorOnly:0 RuntimeOnly:0 HLODRelevant:1 ListedInSceneOutliner:1 IsMainWorldOnly:0 FolderPath:Obstacles/Roadbumps FolderGuid:FEEBC32E4868314ED344A2BDA4C895E1
 |   |   |- [+] [ 24]
 |   |   |   |- Guid:A7BA12BF4C4BF3691BE332B109896743 BaseClass: NativeClass:/Script/Engine.StaticMeshActor Name:StaticMeshActor_4 Label:SM_Cube4 SpatiallyLoaded:1 Bounds:IsValid=true, Min=(X=-12600.000 Y=-12600.001 Z=0.000), Max=(X=12500.000 Y=-12500.000 Z=300.000) RuntimeGrid:None EditorOnly:0 RuntimeOnly:0 HLODRelevant:1 ListedInSceneOutliner:1 IsMainWorldOnly:0 FolderPath:Landscape FolderGuid:912F765E4714A1DB296369A3E4390900
 |   |   |- [+] [ 25]
 |   |   |   |- Guid:AD2B0E854661792C13C538B98B198160 BaseClass: NativeClass:/Script/Engine.StaticMeshActor Name:StaticMeshActor_11 Label:SM_Cylinder9 SpatiallyLoaded:1 Bounds:IsValid=true, Min=(X=-850.000 Y=-6700.000 Z=-12.615), Max=(X=-750.000 Y=-6100.000 Z=12.615) RuntimeGrid:None EditorOnly:0 RuntimeOnly:0 HLODRelevant:1 ListedInSceneOutliner:1 IsMainWorldOnly:0 FolderPath:Obstacles/Roadbumps FolderGuid:FEEBC32E4868314ED344A2BDA4C895E1
 |   |   |- [+] [ 26]
 |   |   |   |- Guid:AF4DE8CE4F8F8BEC7B3637955EE2722E BaseClass: NativeClass:/Script/Engine.StaticMeshActor Name:StaticMeshActor_5 Label:SM_Cube6 SpatiallyLoaded:1 Bounds:IsValid=true, Min=(X=-12500.001 Y=12500.001 Z=0.000), Max=(X=12599.999 Y=12600.003 Z=300.000) RuntimeGrid:None EditorOnly:0 RuntimeOnly:0 HLODRelevant:1 ListedInSceneOutliner:1 IsMainWorldOnly:0 FolderPath:Landscape FolderGuid:912F765E4714A1DB296369A3E4390900
 |   |   |- [+] [ 27]
 |   |   |   |- Guid:BE2DDECD41B8C8823A5CD5BB213C14D4 BaseClass: NativeClass:/Script/Landscape.LandscapeStreamingProxy Name:LandscapeStreamingProxy_BN55SI9ETKGRY904720BQHPG3_1_0_0_0 Label:LandscapeStreamingProxy_0_0_0 SpatiallyLoaded:1 Bounds:IsValid=true, Min=(X=-12600.000 Y=-12600.000 Z=-100.000), Max=(X=0.000 Y=0.000 Z=100.000) RuntimeGrid:None EditorOnly:0 RuntimeOnly:0 HLODRelevant:1 ListedInSceneOutliner:1 IsMainWorldOnly:0
 |   |   |- [+] [ 28]
 |   |   |   |- Guid:C5C5B1DD433D757993E2BE892FE9905D BaseClass: NativeClass:/Script/Engine.SkyLight Name:SkyLight_1 Label:SkyLight SpatiallyLoaded:0 Bounds:IsValid=true, Min=(X=-12600.000 Y=-12600.000 Z=590.000), Max=(X=-12600.000 Y=-12600.000 Z=590.000) RuntimeGrid:None EditorOnly:0 RuntimeOnly:0 HLODRelevant:0 ListedInSceneOutliner:1 IsMainWorldOnly:0 FolderPath:Lighting FolderGuid:602030AD4CB26C050EF7B98FCA62FBCA
 |   |   |- [+] [ 29]
 |   |   |   |- Guid:CBF65DF846290040E22E0CA1CB3EFC6D BaseClass: NativeClass:/Script/Engine.StaticMeshActor Name:StaticMeshActor_22 Label:SM_Ramp SpatiallyLoaded:1 Bounds:IsValid=true, Min=(X=700.000 Y=-6700.000 Z=-20.000), Max=(X=1300.000 Y=-6100.000 Z=100.000) RuntimeGrid:None EditorOnly:0 RuntimeOnly:0 HLODRelevant:1 ListedInSceneOutliner:1 IsMainWorldOnly:0 FolderPath:Obstacles/Ramp FolderGuid:EC5389A3411DCBDB8DD9AAAE3D5DDEDA
 |   |   |- [+] [ 30]
 |   |   |   |- Guid:CEA506BF4E1D1DB3B644AFB8BB84AB30 BaseClass: NativeClass:/Script/Engine.StaticMeshActor Name:StaticMeshActor_25 Label:SM_Cube SpatiallyLoaded:1 Bounds:IsValid=true, Min=(X=1300.000 Y=-6700.000 Z=0.000), Max=(X=1800.000 Y=-6100.000 Z=100.000) RuntimeGrid:None EditorOnly:0 RuntimeOnly:0 HLODRelevant:1 ListedInSceneOutliner:1 IsMainWorldOnly:0 FolderPath:Obstacles/Ramp FolderGuid:EC5389A3411DCBDB8DD9AAAE3D5DDEDA
 |   |   |- [+] [ 31]
 |   |   |   |- Guid:D8A837294D835A08E12E7CAE0EB9A58A BaseClass: NativeClass:/Script/Engine.PlayerStart Name:PlayerStart_1 Label:PlayerStart SpatiallyLoaded:0 Bounds:IsValid=true, Min=(X=-3530.000 Y=-9370.000 Z=9.935), Max=(X=-3450.000 Y=-9290.000 Z=101.935) RuntimeGrid:None EditorOnly:0 RuntimeOnly:0 HLODRelevant:0 ListedInSceneOutliner:1 IsMainWorldOnly:0
 |   |   |- [+] [ 32]
 |   |   |   |- Guid:DA3EE6334686C874004BA3AD27172EC9 BaseClass: NativeClass:/Script/Landscape.LandscapeSplineActor Name:LandscapeSplineActor_0 Label:LandscapeSplineActor SpatiallyLoaded:1 Bounds:IsValid=true, Min=(X=-12285.941 Y=-11292.042 Z=-125.084), Max=(X=12264.775 Y=11401.982 Z=875.049) RuntimeGrid:None EditorOnly:0 RuntimeOnly:0 HLODRelevant:1 ListedInSceneOutliner:1 IsMainWorldOnly:0
 |   |   |- [+] [ 33]
 |   |   |   |- Guid:FAA7A98F4D6321AD0842978073BDEF0A BaseClass: NativeClass:/Script/Engine.DirectionalLight Name:DirectionalLight_0 Label:DirectionalLight SpatiallyLoaded:0 Bounds:Invalid RuntimeGrid:None EditorOnly:0 RuntimeOnly:0 HLODRelevant:0 ListedInSceneOutliner:1 IsMainWorldOnly:0 FolderPath:Lighting FolderGuid:602030AD4CB26C050EF7B98FCA62FBCA
 |   |   |- [+] [ 34]
 |   |   |   |- Guid:FC15943B484FC812B12502B0B6C0FA31 BaseClass: NativeClass:/Script/Engine.StaticMeshActor Name:StaticMeshActor_16 Label:SM_Cylinder4 SpatiallyLoaded:1 Bounds:IsValid=true, Min=(X=775.000 Y=325.000 Z=0.000), Max=(X=825.000 Y=375.000 Z=150.000) RuntimeGrid:None EditorOnly:0 RuntimeOnly:0 HLODRelevant:0 ListedInSceneOutliner:1 IsMainWorldOnly:0 FolderPath:Obstacles/Bollards FolderGuid:6FA7726D48C50C2F676EE28F88CF905C
 |- ContainerInstances:
 |- [+] MainContainer:
 |   |-        ID: 00000000000000000000000000000000
 |   |-  ParentID: 00000000000000000000000000000000
 |   |-    Bounds: IsValid=false, Min=(X=0.000 Y=0.000 Z=0.000), Max=(X=0.000 Y=0.000 Z=0.000)
 |   |- Transform: 0.000000,0.000000,0.000000|0.000000,0.000000,-0.000000|1.000000,1.000000,1.000000
 |   |- Container: /Game/Profesor/Clase15/Possession/VehicleExampleMap
----------------------------------------------------------------------------------------------------------------
VehicleExampleMap - Persistent Level
----------------------------------------------------------------------------------------------------------------
[+] Content of VehicleExampleMap Persistent Level
 |- Always loaded Actor Count: 35 
 |- Actor Path: /Game/Profesor/Clase15/Possession/VehicleExampleMap.VehicleExampleMap:PersistentLevel.DirectionalLight_0
 |- Actor Package: /Game/__ExternalActors__/Profesor/Clase15/Possession/VehicleExampleMap/D/HQ/JFSCDHM3DQXDWPJD8RHGWV
 |- Actor Path: /Game/Profesor/Clase15/Possession/VehicleExampleMap.VehicleExampleMap:PersistentLevel.ExponentialHeightFog_0
 |- Actor Package: /Game/__ExternalActors__/Profesor/Clase15/Possession/VehicleExampleMap/8/VZ/RO3QWXLUI0FCFWSB7PRWYH
 |- Actor Path: /Game/Profesor/Clase15/Possession/VehicleExampleMap.VehicleExampleMap:PersistentLevel.Landscape_0
 |- Actor Package: /Game/__ExternalActors__/Profesor/Clase15/Possession/VehicleExampleMap/7/J6/FATC6RSAGYSG8G4CTB1IAT
 |- Actor Path: /Game/Profesor/Clase15/Possession/VehicleExampleMap.VehicleExampleMap:PersistentLevel.LandscapeSplineActor_0
 |- Actor Package: /Game/__ExternalActors__/Profesor/Clase15/Possession/VehicleExampleMap/C/76/YJP85A4P2ZE6QYF4TIS7MO
 |- Actor Path: /Game/Profesor/Clase15/Possession/VehicleExampleMap.VehicleExampleMap:PersistentLevel.LandscapeStreamingProxy_BN55SI9ETKGRY904720BQHPG3_1_0_0_0
 |- Actor Package: /Game/__ExternalActors__/Profesor/Clase15/Possession/VehicleExampleMap/2/KA/641DILFS056EAGXA96WARU
 |- Actor Path: /Game/Profesor/Clase15/Possession/VehicleExampleMap.VehicleExampleMap:PersistentLevel.LandscapeStreamingProxy_BN55SI9ETKGRY904720BQHPG3_1_0_1_0
 |- Actor Package: /Game/__ExternalActors__/Profesor/Clase15/Possession/VehicleExampleMap/6/S7/2NX9ZP7Z2SEKB8KO5J9VC2
 |- Actor Path: /Game/Profesor/Clase15/Possession/VehicleExampleMap.VehicleExampleMap:PersistentLevel.LandscapeStreamingProxy_BN55SI9ETKGRY904720BQHPG3_1_1_0_0
 |- Actor Package: /Game/__ExternalActors__/Profesor/Clase15/Possession/VehicleExampleMap/C/FV/0ORXDSHBYQOS2A920WHDXV
 |- Actor Path: /Game/Profesor/Clase15/Possession/VehicleExampleMap.VehicleExampleMap:PersistentLevel.LandscapeStreamingProxy_BN55SI9ETKGRY904720BQHPG3_1_1_1_0
 |- Actor Package: /Game/__ExternalActors__/Profesor/Clase15/Possession/VehicleExampleMap/6/OV/83W7IXH4TGHRI72ZDV4BUN
 |- Actor Path: /Game/Profesor/Clase15/Possession/VehicleExampleMap.VehicleExampleMap:PersistentLevel.PlayerStart_1
 |- Actor Package: /Game/__ExternalActors__/Profesor/Clase15/Possession/VehicleExampleMap/1/0G/S09YAH4R8CMVDMZ7A20STZ
 |- Actor Path: /Game/Profesor/Clase15/Possession/VehicleExampleMap.VehicleExampleMap:PersistentLevel.PostProcessVolume_0
 |- Actor Package: /Game/__ExternalActors__/Profesor/Clase15/Possession/VehicleExampleMap/B/S4/39R99VDAXF7X1T8FW5O7G5
 |- Actor Path: /Game/Profesor/Clase15/Possession/VehicleExampleMap.VehicleExampleMap:PersistentLevel.SkyAtmosphere_0
 |- Actor Package: /Game/__ExternalActors__/Profesor/Clase15/Possession/VehicleExampleMap/E/RG/6FX3FVZLOTLUYLWS5AEE1A
 |- Actor Path: /Game/Profesor/Clase15/Possession/VehicleExampleMap.VehicleExampleMap:PersistentLevel.SkyLight_1
 |- Actor Package: /Game/__ExternalActors__/Profesor/Clase15/Possession/VehicleExampleMap/3/WW/FO9B6T5LMMCOKJG4HCFNL1
 |- Actor Path: /Game/Profesor/Clase15/Possession/VehicleExampleMap.VehicleExampleMap:PersistentLevel.StaticMeshActor_0
 |- Actor Package: /Game/__ExternalActors__/Profesor/Clase15/Possession/VehicleExampleMap/6/U5/8JZFKBCUEF0B387SN8YEIP
 |- Actor Path: /Game/Profesor/Clase15/Possession/VehicleExampleMap.VehicleExampleMap:PersistentLevel.StaticMeshActor_10
 |- Actor Package: /Game/__ExternalActors__/Profesor/Clase15/Possession/VehicleExampleMap/7/WI/5NFX0QG7YV9FB54TNR4PT1
 |- Actor Path: /Game/Profesor/Clase15/Possession/VehicleExampleMap.VehicleExampleMap:PersistentLevel.StaticMeshActor_11
 |- Actor Package: /Game/__ExternalActors__/Profesor/Clase15/Possession/VehicleExampleMap/2/M5/B1Z4KPTFV1L2EREMS5IW1R
 |- Actor Path: /Game/Profesor/Clase15/Possession/VehicleExampleMap.VehicleExampleMap:PersistentLevel.StaticMeshActor_12
 |- Actor Package: /Game/__ExternalActors__/Profesor/Clase15/Possession/VehicleExampleMap/B/UP/HM3YG02LLRWGD06ZK1PRPJ
 |- Actor Path: /Game/Profesor/Clase15/Possession/VehicleExampleMap.VehicleExampleMap:PersistentLevel.StaticMeshActor_13
 |- Actor Package: /Game/__ExternalActors__/Profesor/Clase15/Possession/VehicleExampleMap/4/7Y/WQ1G94TAXTE1YVN2INDKQ5
 |- Actor Path: /Game/Profesor/Clase15/Possession/VehicleExampleMap.VehicleExampleMap:PersistentLevel.StaticMeshActor_14
 |- Actor Package: /Game/__ExternalActors__/Profesor/Clase15/Possession/VehicleExampleMap/9/5Q/R91HTPJGCTT11W21J2XSVY
 |- Actor Path: /Game/Profesor/Clase15/Possession/VehicleExampleMap.VehicleExampleMap:PersistentLevel.StaticMeshActor_15
 |- Actor Package: /Game/__ExternalActors__/Profesor/Clase15/Possession/VehicleExampleMap/3/I5/39QMOMX0SBF5P8WX11O0V6
 |- Actor Path: /Game/Profesor/Clase15/Possession/VehicleExampleMap.VehicleExampleMap:PersistentLevel.StaticMeshActor_16
 |- Actor Package: /Game/__ExternalActors__/Profesor/Clase15/Possession/VehicleExampleMap/C/30/EXEN8BYTWNFPJJRLE00CJ2
 |- Actor Path: /Game/Profesor/Clase15/Possession/VehicleExampleMap.VehicleExampleMap:PersistentLevel.StaticMeshActor_17
 |- Actor Package: /Game/__ExternalActors__/Profesor/Clase15/Possession/VehicleExampleMap/9/Q4/V758X99SGCELUD0EM4HK4G
 |- Actor Path: /Game/Profesor/Clase15/Possession/VehicleExampleMap.VehicleExampleMap:PersistentLevel.StaticMeshActor_18
 |- Actor Package: /Game/__ExternalActors__/Profesor/Clase15/Possession/VehicleExampleMap/8/KH/7UZTS1KQ9C3D8VCY0LU7D4
 |- Actor Path: /Game/Profesor/Clase15/Possession/VehicleExampleMap.VehicleExampleMap:PersistentLevel.StaticMeshActor_19
 |- Actor Package: /Game/__ExternalActors__/Profesor/Clase15/Possession/VehicleExampleMap/C/3W/RB6196BR3NVWEX5183BKEN
 |- Actor Path: /Game/Profesor/Clase15/Possession/VehicleExampleMap.VehicleExampleMap:PersistentLevel.StaticMeshActor_20
 |- Actor Package: /Game/__ExternalActors__/Profesor/Clase15/Possession/VehicleExampleMap/1/6T/LR1OAKEVJOOPQRQLMJQ8VD
 |- Actor Path: /Game/Profesor/Clase15/Possession/VehicleExampleMap.VehicleExampleMap:PersistentLevel.StaticMeshActor_22
 |- Actor Package: /Game/__ExternalActors__/Profesor/Clase15/Possession/VehicleExampleMap/B/VA/BP3BNYMRT7OCWW3Q3M2ZTR
 |- Actor Path: /Game/Profesor/Clase15/Possession/VehicleExampleMap.VehicleExampleMap:PersistentLevel.StaticMeshActor_23
 |- Actor Package: /Game/__ExternalActors__/Profesor/Clase15/Possession/VehicleExampleMap/C/UF/QZCJ2TCKW7XORELZJOKKW3
 |- Actor Path: /Game/Profesor/Clase15/Possession/VehicleExampleMap.VehicleExampleMap:PersistentLevel.StaticMeshActor_25
 |- Actor Package: /Game/__ExternalActors__/Profesor/Clase15/Possession/VehicleExampleMap/9/NC/X5FY5G6NYCW5E554TE5F5H
 |- Actor Path: /Game/Profesor/Clase15/Possession/VehicleExampleMap.VehicleExampleMap:PersistentLevel.StaticMeshActor_4
 |- Actor Package: /Game/__ExternalActors__/Profesor/Clase15/Possession/VehicleExampleMap/9/6V/Y43952I6PADWYXPC2BKZKZ
 |- Actor Path: /Game/Profesor/Clase15/Possession/VehicleExampleMap.VehicleExampleMap:PersistentLevel.StaticMeshActor_5
 |- Actor Package: /Game/__ExternalActors__/Profesor/Clase15/Possession/VehicleExampleMap/3/LO/35SUB29C3KQDMIXSHRFU72
 |- Actor Path: /Game/Profesor/Clase15/Possession/VehicleExampleMap.VehicleExampleMap:PersistentLevel.StaticMeshActor_6
 |- Actor Package: /Game/__ExternalActors__/Profesor/Clase15/Possession/VehicleExampleMap/E/0F/98ISP8O7J3TB8XGN5PCRB0
 |- Actor Path: /Game/Profesor/Clase15/Possession/VehicleExampleMap.VehicleExampleMap:PersistentLevel.StaticMeshActor_9
 |- Actor Package: /Game/__ExternalActors__/Profesor/Clase15/Possession/VehicleExampleMap/E/Q9/7E8THLUEF2U8O6DZQRWSX9
 |- Actor Path: /Game/Profesor/Clase15/Possession/VehicleExampleMap.VehicleExampleMap:PersistentLevel.StaticMeshActor_UAID_A4AE111137DC5DFB00_1630210247
 |- Actor Package: /Game/__ExternalActors__/Profesor/Clase15/Possession/VehicleExampleMap/4/LP/UZ50PDVAY299IMPNI9D2JC
 |- Actor Path: /Game/Profesor/Clase15/Possession/VehicleExampleMap.VehicleExampleMap:PersistentLevel.TextRenderActor_1
 |- Actor Package: /Game/__ExternalActors__/Profesor/Clase15/Possession/VehicleExampleMap/A/H0/LYTDGJWOH7OXH2EDGARXVB
 |- Actor Path: /Game/Profesor/Clase15/Possession/VehicleExampleMap.VehicleExampleMap:PersistentLevel.VolumetricCloud_0
 |- Actor Package: /Game/__ExternalActors__/Profesor/Clase15/Possession/VehicleExampleMap/7/6B/35BADYNNBJZPEYUTHJKTQU
 |- Actor Path: /Game/Profesor/Clase15/Possession/VehicleExampleMap.VehicleExampleMap:PersistentLevel.WorldDataLayers
 |- Actor Package: /Game/__ExternalActors__/Profesor/Clase15/Possession/VehicleExampleMap/3/8Z/8O4O20NVAUFW84ZP4YO7II

----------------------------------------------------------------------------------------------------------------
VehicleExampleMap - Runtime Hash Set
----------------------------------------------------------------------------------------------------------------

