[+] Containers:
 |- [+] Container: /Game/Profesor/Clase16/MainGameLevel
 |   |- [+] ActorDescs:
 |   |   |- Guid:00FE02054BC21B3B8B72F9AC6653AB57 BaseClass: NativeClass:/Script/Engine.StaticMeshActor Name:StaticMeshActor_33 Label:SM_QuarterCylinder12 SpatiallyLoaded:1 Bounds:IsValid=true, Min=(X=2000.000 Y=700.000 Z=0.000), Max=(X=2200.000 Y=900.000 Z=100.000) RuntimeGrid:None EditorOnly:0 RuntimeOnly:0 HLODRelevant:1 ListedInSceneOutliner:1 IsMainWorldOnly:0 FolderPath:Cylinder FolderGuid:D075E5BA49330D3EC2503D81A7CF88D1
 |   |   |- Guid:03F6B33842130CF7DD8D8AB2D9116FF0 BaseClass: NativeClass:/Script/Engine.SkyAtmosphere Name:SkyAtmosphere_0 Label:SkyAtmosphere SpatiallyLoaded:0 Bounds:IsValid=true, Min=(X=0.000 Y=0.000 Z=1020.000), Max=(X=0.000 Y=0.000 Z=1020.000) RuntimeGrid:None EditorOnly:0 RuntimeOnly:0 HLODRelevant:0 ListedInSceneOutliner:1 IsMainWorldOnly:0 FolderPath:Lighting FolderGuid:963EC3EB4002CCE9759E2EBA541A873A
 |   |   |- Guid:048D54AC4C53EE4B3DB640BAECE75280 BaseClass: NativeClass:/Script/Engine.StaticMeshActor Name:StaticMeshActor_24 Label:SM_Cube13 SpatiallyLoaded:1 Bounds:IsValid=true, Min=(X=300.000 Y=2700.000 Z=0.000), Max=(X=400.000 Y=2800.000 Z=200.000) RuntimeGrid:None EditorOnly:0 RuntimeOnly:0 HLODRelevant:1 ListedInSceneOutliner:1 IsMainWorldOnly:0 FolderPath:Block03 FolderGuid:7B7009C345D3D6DD94D3429E1D79C034
 |   |   |- Guid:1342FE714952287C66E7F680CE1534E9 BaseClass: NativeClass:/Script/Engine.StaticMeshActor Name:StaticMeshActor_10 Label:SM_ChamferCube2 SpatiallyLoaded:1 Bounds:IsValid=true, Min=(X=992.077 Y=2692.077 Z=0.013), Max=(X=1107.923 Y=2807.923 Z=100.013) RuntimeGrid:None EditorOnly:0 RuntimeOnly:0 HLODRelevant:0 ListedInSceneOutliner:1 IsMainWorldOnly:0
 |   |   |- Guid:16D4714F4690D2384B295CB35E20466B BaseClass: NativeClass:/Script/Engine.StaticMeshActor Name:StaticMeshActor_23 Label:SM_QuarterCylinder5 SpatiallyLoaded:1 Bounds:IsValid=true, Min=(X=300.000 Y=2800.000 Z=0.000), Max=(X=400.000 Y=2900.000 Z=200.000) RuntimeGrid:None EditorOnly:0 RuntimeOnly:0 HLODRelevant:1 ListedInSceneOutliner:1 IsMainWorldOnly:0 FolderPath:Block03 FolderGuid:7B7009C345D3D6DD94D3429E1D79C034
 |   |   |- Guid:180DC6F94321BF1804358EB8B5C51284 BaseClass: NativeClass:/Script/Engine.PlayerStart Name:PlayerStart_UAID_B40EDE8A8EF4FDCE02_1185902559 Label:PlayerStart2 SpatiallyLoaded:0 Bounds:IsValid=true, Min=(X=860.000 Y=883.000 Z=0.013), Max=(X=940.000 Y=963.000 Z=184.013) RuntimeGrid:None EditorOnly:0 RuntimeOnly:0 HLODRelevant:0 ListedInSceneOutliner:1 IsMainWorldOnly:0
 |   |   |- Guid:1F901AB541FA36AA961810A71B6804FD BaseClass: NativeClass:/Script/Engine.StaticMeshActor Name:StaticMeshActor_0 Label:SM_Cube5 SpatiallyLoaded:1 Bounds:IsValid=true, Min=(X=-0.000 Y=100.000 Z=0.000), Max=(X=100.000 Y=3400.000 Z=400.000) RuntimeGrid:None EditorOnly:0 RuntimeOnly:0 HLODRelevant:1 ListedInSceneOutliner:1 IsMainWorldOnly:0 FolderPath:Playground FolderGuid:C73F09FC4215536B1DCE2A9E0A830C70
 |   |   |- Guid:223831BE490AA352946083AA37150B08 BaseClass: NativeClass:/Script/Engine.StaticMeshActor Name:StaticMeshActor_4 Label:SM_Cube6 SpatiallyLoaded:1 Bounds:IsValid=true, Min=(X=2900.000 Y=100.000 Z=0.000), Max=(X=3000.000 Y=3400.000 Z=400.000) RuntimeGrid:None EditorOnly:0 RuntimeOnly:0 HLODRelevant:1 ListedInSceneOutliner:1 IsMainWorldOnly:0 FolderPath:Playground FolderGuid:C73F09FC4215536B1DCE2A9E0A830C70
 |   |   |- Guid:27A6C6C643F8CF4C1C2A59A082AA51D8 BaseClass: NativeClass:/Script/Engine.StaticMeshActor Name:StaticMeshActor_19 Label:SM_QuarterCylinder2 SpatiallyLoaded:1 Bounds:IsValid=true, Min=(X=2500.000 Y=2600.000 Z=0.000), Max=(X=2600.000 Y=2700.000 Z=200.000) RuntimeGrid:None EditorOnly:0 RuntimeOnly:0 HLODRelevant:1 ListedInSceneOutliner:1 IsMainWorldOnly:0 FolderPath:Block02 FolderGuid:EBA23F8248252949750E43911A3A1CDD
 |   |   |- Guid:2C43538E4FECE372A08FC1B1EECC8C82 BaseClass: NativeClass:/Script/Engine.StaticMeshActor Name:StaticMeshActor_UAID_A4AE111137DC5EFB00_1110535423 Label:SM_SkySphere SpatiallyLoaded:0 Bounds:IsValid=true, Min=(X=-1638400.000 Y=-1638400.000 Z=-1638400.000), Max=(X=1638400.000 Y=1638400.000 Z=1638400.000) RuntimeGrid:None EditorOnly:0 RuntimeOnly:0 HLODRelevant:0 ListedInSceneOutliner:1 IsMainWorldOnly:0 FolderPath:Lighting FolderGuid:963EC3EB4002CCE9759E2EBA541A873A
 |   |   |- Guid:32D99D4C4B431897A65CB6B3E6A9CA95 BaseClass: NativeClass:/Script/Engine.StaticMeshActor Name:StaticMeshActor_7 Label:SM_Cube7 SpatiallyLoaded:1 Bounds:IsValid=true, Min=(X=1300.000 Y=2200.000 Z=0.000), Max=(X=1500.000 Y=2300.000 Z=200.000) RuntimeGrid:None EditorOnly:0 RuntimeOnly:0 HLODRelevant:1 ListedInSceneOutliner:1 IsMainWorldOnly:0 FolderPath:Block01 FolderGuid:7D23E5AE4C2A421F86AF6986D87E6D05
 |   |   |- Guid:39C433B4484BE6BB5B21EE909B9ECF2C BaseClass: NativeClass:/Script/Engine.StaticMeshActor Name:StaticMeshActor_21 Label:SM_QuarterCylinder3 SpatiallyLoaded:1 Bounds:IsValid=true, Min=(X=1500.000 Y=2200.000 Z=0.000), Max=(X=1600.000 Y=2300.000 Z=200.000) RuntimeGrid:None EditorOnly:0 RuntimeOnly:0 HLODRelevant:1 ListedInSceneOutliner:1 IsMainWorldOnly:0 FolderPath:Block01 FolderGuid:7D23E5AE4C2A421F86AF6986D87E6D05
 |   |   |- Guid:3E0D3E3E43440E21E5E485AF96C9A983 BaseClass: NativeClass:/Script/Engine.StaticMeshActor Name:StaticMeshActor_3 Label:SM_Ramp SpatiallyLoaded:1 Bounds:IsValid=true, Min=(X=1300.000 Y=600.000 Z=0.000), Max=(X=1700.000 Y=800.000 Z=30.000) RuntimeGrid:None EditorOnly:0 RuntimeOnly:0 HLODRelevant:1 ListedInSceneOutliner:1 IsMainWorldOnly:0
 |   |   |- Guid:3E7EBCF94B0AE65A1134AEA4D1223462 BaseClass: NativeClass:/Script/Engine.PlayerStart Name:PlayerStart_0 Label:PlayerStart SpatiallyLoaded:0 Bounds:IsValid=true, Min=(X=860.000 Y=1070.000 Z=0.013), Max=(X=940.000 Y=1150.000 Z=184.013) RuntimeGrid:None EditorOnly:0 RuntimeOnly:0 HLODRelevant:0 ListedInSceneOutliner:1 IsMainWorldOnly:0
 |   |   |- Guid:41BD9E3E465CB4B6C8ABD2A7EE4DE1E7 BaseClass: NativeClass:/Script/Engine.StaticMeshActor Name:StaticMeshActor_20 Label:SM_Cube12 SpatiallyLoaded:1 Bounds:IsValid=true, Min=(X=2500.000 Y=2700.000 Z=0.000), Max=(X=2600.000 Y=2800.000 Z=200.000) RuntimeGrid:None EditorOnly:0 RuntimeOnly:0 HLODRelevant:1 ListedInSceneOutliner:1 IsMainWorldOnly:0 FolderPath:Block02 FolderGuid:EBA23F8248252949750E43911A3A1CDD
 |   |   |- Guid:434ABE7D41C575C26C434B86B8723477 BaseClass: NativeClass:/Script/Engine.StaticMeshActor Name:StaticMeshActor_13 Label:SM_Cube9 SpatiallyLoaded:1 Bounds:IsValid=true, Min=(X=1800.000 Y=1500.000 Z=0.000), Max=(X=2000.000 Y=2200.000 Z=100.000) RuntimeGrid:None EditorOnly:0 RuntimeOnly:0 HLODRelevant:1 ListedInSceneOutliner:1 IsMainWorldOnly:0 FolderPath:Block01 FolderGuid:7D23E5AE4C2A421F86AF6986D87E6D05
 |   |   |- Guid:4E796C4B426EE9FEDFA71E8C19361ED7 BaseClass: NativeClass:/Script/Engine.StaticMeshActor Name:StaticMeshActor_11 Label:SM_ChamferCube3 SpatiallyLoaded:1 Bounds:IsValid=true, Min=(X=481.699 Y=2271.699 Z=0.013), Max=(X=618.301 Y=2408.301 Z=100.013) RuntimeGrid:None EditorOnly:0 RuntimeOnly:0 HLODRelevant:0 ListedInSceneOutliner:1 IsMainWorldOnly:0
 |   |   |- Guid:4E7BD71C42782C2E1633F7B0221C8F70 BaseClass: NativeClass:/Script/Engine.StaticMeshActor Name:StaticMeshActor_32 Label:SM_QuarterCylinder11 SpatiallyLoaded:1 Bounds:IsValid=true, Min=(X=2200.000 Y=700.000 Z=-0.000), Max=(X=2400.000 Y=900.000 Z=100.000) RuntimeGrid:None EditorOnly:0 RuntimeOnly:0 HLODRelevant:1 ListedInSceneOutliner:1 IsMainWorldOnly:0 FolderPath:Cylinder FolderGuid:D075E5BA49330D3EC2503D81A7CF88D1
 |   |   |- Guid:534927D34DA587A165CCF7994DE90914 BaseClass: NativeClass:/Script/Engine.TextRenderActor Name:TextRenderActor_1 Label:TextRenderActor SpatiallyLoaded:1 Bounds:IsValid=true, Min=(X=-0.100 Y=1100.000 Z=65.013), Max=(X=-0.100 Y=2392.308 Z=215.013) RuntimeGrid:None EditorOnly:0 RuntimeOnly:0 HLODRelevant:0 ListedInSceneOutliner:1 IsMainWorldOnly:0
 |   |   |- Guid:54FAF8154CE0E427392C17B7AB238D92 BaseClass: NativeClass:/Script/Engine.StaticMeshActor Name:StaticMeshActor_5 Label:SM_Cube2 SpatiallyLoaded:1 Bounds:IsValid=true, Min=(X=0.000 Y=0.000 Z=0.000), Max=(X=3000.000 Y=100.000 Z=400.000) RuntimeGrid:None EditorOnly:0 RuntimeOnly:0 HLODRelevant:1 ListedInSceneOutliner:1 IsMainWorldOnly:0 FolderPath:Playground FolderGuid:C73F09FC4215536B1DCE2A9E0A830C70
 |   |   |- Guid:5EE2D3CC45B1F037D0A1C2A5C12A861C BaseClass: NativeClass:/Script/Engine.PlayerStart Name:PlayerStart_UAID_B40EDE8A8EF4FDCE02_1189139561 Label:PlayerStart4 SpatiallyLoaded:0 Bounds:IsValid=true, Min=(X=860.000 Y=543.000 Z=0.013), Max=(X=940.000 Y=623.000 Z=184.013) RuntimeGrid:None EditorOnly:0 RuntimeOnly:0 HLODRelevant:0 ListedInSceneOutliner:1 IsMainWorldOnly:0
 |   |   |- Guid:611298CD4C8C423440E86DA22522458D BaseClass: NativeClass:/Script/Engine.StaticMeshActor Name:StaticMeshActor_14 Label:SM_Ramp3 SpatiallyLoaded:1 Bounds:IsValid=true, Min=(X=1800.000 Y=1700.000 Z=100.000), Max=(X=2000.000 Y=2100.000 Z=200.000) RuntimeGrid:None EditorOnly:0 RuntimeOnly:0 HLODRelevant:1 ListedInSceneOutliner:1 IsMainWorldOnly:0 FolderPath:Block01 FolderGuid:7D23E5AE4C2A421F86AF6986D87E6D05
 |   |   |- Guid:61A851004B3F81A00D27F4A82988AE67 BaseClass: NativeClass:/Script/Engine.StaticMeshActor Name:StaticMeshActor_18 Label:SM_QuarterCylinder SpatiallyLoaded:1 Bounds:IsValid=true, Min=(X=2500.000 Y=2800.000 Z=0.000), Max=(X=2600.000 Y=2900.000 Z=200.000) RuntimeGrid:None EditorOnly:0 RuntimeOnly:0 HLODRelevant:1 ListedInSceneOutliner:1 IsMainWorldOnly:0 FolderPath:Block02 FolderGuid:EBA23F8248252949750E43911A3A1CDD
 |   |   |- Guid:63C2BB0048132BCD49261582E009F9F5 BaseClass: NativeClass:/Script/Engine.DirectionalLight Name:DirectionalLight_0 Label:DirectionalLight SpatiallyLoaded:0 Bounds:Invalid RuntimeGrid:None EditorOnly:0 RuntimeOnly:0 HLODRelevant:0 ListedInSceneOutliner:1 IsMainWorldOnly:0 FolderPath:Lighting FolderGuid:963EC3EB4002CCE9759E2EBA541A873A
 |   |   |- Guid:6B08153243E206205E39D6B7DE3F9171 BaseClass: NativeClass:/Script/Engine.StaticMeshActor Name:StaticMeshActor_16 Label:SM_Cube11 SpatiallyLoaded:1 Bounds:IsValid=true, Min=(X=400.000 Y=2600.000 Z=0.000), Max=(X=700.000 Y=2900.000 Z=200.000) RuntimeGrid:None EditorOnly:0 RuntimeOnly:0 HLODRelevant:1 ListedInSceneOutliner:1 IsMainWorldOnly:0 FolderPath:Block03 FolderGuid:7B7009C345D3D6DD94D3429E1D79C034
 |   |   |- Guid:6C965174460D8662150478826F93E292 BaseClass: NativeClass:/Script/Engine.VolumetricCloud Name:VolumetricCloud_0 Label:VolumetricCloud SpatiallyLoaded:0 Bounds:IsValid=true, Min=(X=0.000 Y=0.000 Z=820.000), Max=(X=0.000 Y=0.000 Z=820.000) RuntimeGrid:None EditorOnly:0 RuntimeOnly:0 HLODRelevant:0 ListedInSceneOutliner:1 IsMainWorldOnly:0 FolderPath:Lighting FolderGuid:963EC3EB4002CCE9759E2EBA541A873A
 |   |   |- Guid:6E17D19D431862B6B2B57399038AF01D BaseClass: NativeClass:/Script/Engine.WorldDataLayers Name:WorldDataLayers Label:WorldDataLayers SpatiallyLoaded:0 Bounds:Invalid RuntimeGrid:None EditorOnly:0 RuntimeOnly:0 HLODRelevant:0 ListedInSceneOutliner:1 IsMainWorldOnly:1
 |   |   |- Guid:78EFB73E48A10AB4E8B623B03E43743A BaseClass: NativeClass:/Script/Engine.PostProcessVolume Name:PostProcessVolume_0 Label:PostProcessVolume SpatiallyLoaded:0 Bounds:IsValid=true, Min=(X=0.000 Y=0.000 Z=400.000), Max=(X=200.000 Y=200.000 Z=600.000) RuntimeGrid:None EditorOnly:0 RuntimeOnly:0 HLODRelevant:0 ListedInSceneOutliner:1 IsMainWorldOnly:0 FolderPath:Lighting FolderGuid:963EC3EB4002CCE9759E2EBA541A873A
 |   |   |- Guid:8028A5284A876B0612EC1B9CBB332199 BaseClass: NativeClass:/Script/Engine.StaticMeshActor Name:StaticMeshActor_1 Label:SM_Cube SpatiallyLoaded:1 Bounds:IsValid=true, Min=(X=0.000 Y=0.000 Z=-50.000), Max=(X=3000.000 Y=3500.000 Z=0.000) RuntimeGrid:None EditorOnly:0 RuntimeOnly:0 HLODRelevant:1 ListedInSceneOutliner:1 IsMainWorldOnly:0 FolderPath:Playground FolderGuid:C73F09FC4215536B1DCE2A9E0A830C70
 |   |   |- Guid:91D373A8440DFD87D52737B9F7D45C39 BaseClass: NativeClass:/Script/Engine.StaticMeshActor Name:StaticMeshActor_9 Label:SM_Ramp2 SpatiallyLoaded:1 Bounds:IsValid=true, Min=(X=1400.000 Y=1500.000 Z=0.000), Max=(X=1800.000 Y=1700.000 Z=100.000) RuntimeGrid:None EditorOnly:0 RuntimeOnly:0 HLODRelevant:1 ListedInSceneOutliner:1 IsMainWorldOnly:0 FolderPath:Block01 FolderGuid:7D23E5AE4C2A421F86AF6986D87E6D05
 |   |   |- Guid:9593A6ED46B0E015E7270293E42850E6 BaseClass: NativeClass:/Script/Engine.StaticMeshActor Name:StaticMeshActor_22 Label:SM_QuarterCylinder4 SpatiallyLoaded:1 Bounds:IsValid=true, Min=(X=300.000 Y=2600.000 Z=0.000), Max=(X=400.000 Y=2700.000 Z=200.000) RuntimeGrid:None EditorOnly:0 RuntimeOnly:0 HLODRelevant:1 ListedInSceneOutliner:1 IsMainWorldOnly:0 FolderPath:Block03 FolderGuid:7B7009C345D3D6DD94D3429E1D79C034
 |   |   |- Guid:AB81FDD8421D4456EB8CA2B20C1F52FA BaseClass: NativeClass:/Script/Engine.StaticMeshActor Name:StaticMeshActor_25 Label:SM_QuarterCylinder6 SpatiallyLoaded:1 Bounds:IsValid=true, Min=(X=1200.000 Y=2200.000 Z=0.000), Max=(X=1300.000 Y=2300.000 Z=200.000) RuntimeGrid:None EditorOnly:0 RuntimeOnly:0 HLODRelevant:1 ListedInSceneOutliner:1 IsMainWorldOnly:0 FolderPath:Block01 FolderGuid:7D23E5AE4C2A421F86AF6986D87E6D05
 |   |   |- Guid:B0A1309F49C5EF53CEA94EA0AECB541C BaseClass: NativeClass:/Script/Engine.SkyLight Name:SkyLight_1 Label:SkyLight SpatiallyLoaded:0 Bounds:IsValid=true, Min=(X=0.000 Y=0.000 Z=690.000), Max=(X=0.000 Y=0.000 Z=690.000) RuntimeGrid:None EditorOnly:0 RuntimeOnly:0 HLODRelevant:0 ListedInSceneOutliner:1 IsMainWorldOnly:0 FolderPath:Lighting FolderGuid:963EC3EB4002CCE9759E2EBA541A873A
 |   |   |- Guid:BCAAEDB4416F9C6EBCECE7AF0FA03B62 BaseClass: NativeClass:/Script/Engine.StaticMeshActor Name:StaticMeshActor_12 Label:SM_Cube8 SpatiallyLoaded:1 Bounds:IsValid=true, Min=(X=1300.000 Y=2600.000 Z=0.000), Max=(X=2500.000 Y=2900.000 Z=200.000) RuntimeGrid:None EditorOnly:0 RuntimeOnly:0 HLODRelevant:1 ListedInSceneOutliner:1 IsMainWorldOnly:0 FolderPath:Block02 FolderGuid:EBA23F8248252949750E43911A3A1CDD
 |   |   |- Guid:BCE8F6D44E4133F49820CDBC80ED90E1 BaseClass: NativeClass:/Script/Engine.StaticMeshActor Name:StaticMeshActor_15 Label:SM_Cube10 SpatiallyLoaded:1 Bounds:IsValid=true, Min=(X=1800.000 Y=2100.000 Z=100.000), Max=(X=2000.000 Y=2200.000 Z=200.000) RuntimeGrid:None EditorOnly:0 RuntimeOnly:0 HLODRelevant:1 ListedInSceneOutliner:1 IsMainWorldOnly:0 FolderPath:Block01 FolderGuid:7D23E5AE4C2A421F86AF6986D87E6D05
 |   |   |- Guid:C4489185445EF0A44CC5A4BA7F9C7E58 BaseClass: NativeClass:/Script/Engine.PlayerStart Name:PlayerStart_UAID_B40EDE8A8EF4FDCE02_1187538560 Label:PlayerStart3 SpatiallyLoaded:0 Bounds:IsValid=true, Min=(X=860.000 Y=713.000 Z=0.013), Max=(X=940.000 Y=793.000 Z=184.013) RuntimeGrid:None EditorOnly:0 RuntimeOnly:0 HLODRelevant:0 ListedInSceneOutliner:1 IsMainWorldOnly:0
 |   |   |- Guid:C90A6C49482013D58E74FA8735643319 BaseClass: NativeClass:/Script/Engine.StaticMeshActor Name:StaticMeshActor_6 Label:SM_Cube3 SpatiallyLoaded:1 Bounds:IsValid=true, Min=(X=0.000 Y=3400.000 Z=0.000), Max=(X=3000.000 Y=3500.000 Z=400.000) RuntimeGrid:None EditorOnly:0 RuntimeOnly:0 HLODRelevant:1 ListedInSceneOutliner:1 IsMainWorldOnly:0 FolderPath:Playground FolderGuid:C73F09FC4215536B1DCE2A9E0A830C70
 |   |   |- Guid:CD399727455E72972807CC85D9DF5671 BaseClass: NativeClass:/Script/Engine.StaticMeshActor Name:StaticMeshActor_8 Label:SM_Cube4 SpatiallyLoaded:1 Bounds:IsValid=true, Min=(X=1200.000 Y=1700.000 Z=0.000), Max=(X=1800.000 Y=2200.000 Z=200.000) RuntimeGrid:None EditorOnly:0 RuntimeOnly:0 HLODRelevant:1 ListedInSceneOutliner:1 IsMainWorldOnly:0 FolderPath:Block01 FolderGuid:7D23E5AE4C2A421F86AF6986D87E6D05
 |   |   |- Guid:D2C59B2D4A5A9B97131C7C9ED4AD208A BaseClass: NativeClass:/Script/Engine.StaticMeshActor Name:StaticMeshActor_34 Label:SM_QuarterCylinder13 SpatiallyLoaded:1 Bounds:IsValid=true, Min=(X=2000.000 Y=500.000 Z=0.000), Max=(X=2200.000 Y=700.000 Z=100.000) RuntimeGrid:None EditorOnly:0 RuntimeOnly:0 HLODRelevant:1 ListedInSceneOutliner:1 IsMainWorldOnly:0 FolderPath:Cylinder FolderGuid:D075E5BA49330D3EC2503D81A7CF88D1
 |   |   |- Guid:E080F30A4761BD027A2EC486A565147A BaseClass: NativeClass:/Script/Engine.ExponentialHeightFog Name:ExponentialHeightFog_0 Label:ExponentialHeightFog SpatiallyLoaded:0 Bounds:IsValid=true, Min=(X=-5600.000 Y=-50.000 Z=-6850.000), Max=(X=-5600.000 Y=-50.000 Z=-6850.000) RuntimeGrid:None EditorOnly:0 RuntimeOnly:0 HLODRelevant:0 ListedInSceneOutliner:1 IsMainWorldOnly:0 FolderPath:Lighting FolderGuid:963EC3EB4002CCE9759E2EBA541A873A
 |   |   |- Guid:E3B324F14FD4585BAB8F08BC7D7EEB13 BaseClass: NativeClass:/Script/Engine.StaticMeshActor Name:StaticMeshActor_35 Label:SM_QuarterCylinder14 SpatiallyLoaded:1 Bounds:IsValid=true, Min=(X=2200.000 Y=500.000 Z=0.000), Max=(X=2400.000 Y=700.000 Z=100.000) RuntimeGrid:None EditorOnly:0 RuntimeOnly:0 HLODRelevant:1 ListedInSceneOutliner:1 IsMainWorldOnly:0 FolderPath:Cylinder FolderGuid:D075E5BA49330D3EC2503D81A7CF88D1
 |   |   |- Guid:F89B6C08481690737CACA2B53ABFDFB2 BaseClass: NativeClass:/Script/Engine.StaticMeshActor Name:StaticMeshActor_2 Label:SM_ChamferCube SpatiallyLoaded:1 Bounds:IsValid=true, Min=(X=1100.000 Y=2000.000 Z=0.013), Max=(X=1200.000 Y=2100.000 Z=100.013) RuntimeGrid:None EditorOnly:0 RuntimeOnly:0 HLODRelevant:0 ListedInSceneOutliner:1 IsMainWorldOnly:0
 |   |- [+] Clusters:
 |   |   |- [+] [  0]
 |   |   |   |- Guid:00FE02054BC21B3B8B72F9AC6653AB57 BaseClass: NativeClass:/Script/Engine.StaticMeshActor Name:StaticMeshActor_33 Label:SM_QuarterCylinder12 SpatiallyLoaded:1 Bounds:IsValid=true, Min=(X=2000.000 Y=700.000 Z=0.000), Max=(X=2200.000 Y=900.000 Z=100.000) RuntimeGrid:None EditorOnly:0 RuntimeOnly:0 HLODRelevant:1 ListedInSceneOutliner:1 IsMainWorldOnly:0 FolderPath:Cylinder FolderGuid:D075E5BA49330D3EC2503D81A7CF88D1
 |   |   |- [+] [  1]
 |   |   |   |- Guid:03F6B33842130CF7DD8D8AB2D9116FF0 BaseClass: NativeClass:/Script/Engine.SkyAtmosphere Name:SkyAtmosphere_0 Label:SkyAtmosphere SpatiallyLoaded:0 Bounds:IsValid=true, Min=(X=0.000 Y=0.000 Z=1020.000), Max=(X=0.000 Y=0.000 Z=1020.000) RuntimeGrid:None EditorOnly:0 RuntimeOnly:0 HLODRelevant:0 ListedInSceneOutliner:1 IsMainWorldOnly:0 FolderPath:Lighting FolderGuid:963EC3EB4002CCE9759E2EBA541A873A
 |   |   |- [+] [  2]
 |   |   |   |- Guid:048D54AC4C53EE4B3DB640BAECE75280 BaseClass: NativeClass:/Script/Engine.StaticMeshActor Name:StaticMeshActor_24 Label:SM_Cube13 SpatiallyLoaded:1 Bounds:IsValid=true, Min=(X=300.000 Y=2700.000 Z=0.000), Max=(X=400.000 Y=2800.000 Z=200.000) RuntimeGrid:None EditorOnly:0 RuntimeOnly:0 HLODRelevant:1 ListedInSceneOutliner:1 IsMainWorldOnly:0 FolderPath:Block03 FolderGuid:7B7009C345D3D6DD94D3429E1D79C034
 |   |   |- [+] [  3]
 |   |   |   |- Guid:1342FE714952287C66E7F680CE1534E9 BaseClass: NativeClass:/Script/Engine.StaticMeshActor Name:StaticMeshActor_10 Label:SM_ChamferCube2 SpatiallyLoaded:1 Bounds:IsValid=true, Min=(X=992.077 Y=2692.077 Z=0.013), Max=(X=1107.923 Y=2807.923 Z=100.013) RuntimeGrid:None EditorOnly:0 RuntimeOnly:0 HLODRelevant:0 ListedInSceneOutliner:1 IsMainWorldOnly:0
 |   |   |- [+] [  4]
 |   |   |   |- Guid:16D4714F4690D2384B295CB35E20466B BaseClass: NativeClass:/Script/Engine.StaticMeshActor Name:StaticMeshActor_23 Label:SM_QuarterCylinder5 SpatiallyLoaded:1 Bounds:IsValid=true, Min=(X=300.000 Y=2800.000 Z=0.000), Max=(X=400.000 Y=2900.000 Z=200.000) RuntimeGrid:None EditorOnly:0 RuntimeOnly:0 HLODRelevant:1 ListedInSceneOutliner:1 IsMainWorldOnly:0 FolderPath:Block03 FolderGuid:7B7009C345D3D6DD94D3429E1D79C034
 |   |   |- [+] [  5]
 |   |   |   |- Guid:180DC6F94321BF1804358EB8B5C51284 BaseClass: NativeClass:/Script/Engine.PlayerStart Name:PlayerStart_UAID_B40EDE8A8EF4FDCE02_1185902559 Label:PlayerStart2 SpatiallyLoaded:0 Bounds:IsValid=true, Min=(X=860.000 Y=883.000 Z=0.013), Max=(X=940.000 Y=963.000 Z=184.013) RuntimeGrid:None EditorOnly:0 RuntimeOnly:0 HLODRelevant:0 ListedInSceneOutliner:1 IsMainWorldOnly:0
 |   |   |- [+] [  6]
 |   |   |   |- Guid:1F901AB541FA36AA961810A71B6804FD BaseClass: NativeClass:/Script/Engine.StaticMeshActor Name:StaticMeshActor_0 Label:SM_Cube5 SpatiallyLoaded:1 Bounds:IsValid=true, Min=(X=-0.000 Y=100.000 Z=0.000), Max=(X=100.000 Y=3400.000 Z=400.000) RuntimeGrid:None EditorOnly:0 RuntimeOnly:0 HLODRelevant:1 ListedInSceneOutliner:1 IsMainWorldOnly:0 FolderPath:Playground FolderGuid:C73F09FC4215536B1DCE2A9E0A830C70
 |   |   |- [+] [  7]
 |   |   |   |- Guid:223831BE490AA352946083AA37150B08 BaseClass: NativeClass:/Script/Engine.StaticMeshActor Name:StaticMeshActor_4 Label:SM_Cube6 SpatiallyLoaded:1 Bounds:IsValid=true, Min=(X=2900.000 Y=100.000 Z=0.000), Max=(X=3000.000 Y=3400.000 Z=400.000) RuntimeGrid:None EditorOnly:0 RuntimeOnly:0 HLODRelevant:1 ListedInSceneOutliner:1 IsMainWorldOnly:0 FolderPath:Playground FolderGuid:C73F09FC4215536B1DCE2A9E0A830C70
 |   |   |- [+] [  8]
 |   |   |   |- Guid:27A6C6C643F8CF4C1C2A59A082AA51D8 BaseClass: NativeClass:/Script/Engine.StaticMeshActor Name:StaticMeshActor_19 Label:SM_QuarterCylinder2 SpatiallyLoaded:1 Bounds:IsValid=true, Min=(X=2500.000 Y=2600.000 Z=0.000), Max=(X=2600.000 Y=2700.000 Z=200.000) RuntimeGrid:None EditorOnly:0 RuntimeOnly:0 HLODRelevant:1 ListedInSceneOutliner:1 IsMainWorldOnly:0 FolderPath:Block02 FolderGuid:EBA23F8248252949750E43911A3A1CDD
 |   |   |- [+] [  9]
 |   |   |   |- Guid:2C43538E4FECE372A08FC1B1EECC8C82 BaseClass: NativeClass:/Script/Engine.StaticMeshActor Name:StaticMeshActor_UAID_A4AE111137DC5EFB00_1110535423 Label:SM_SkySphere SpatiallyLoaded:0 Bounds:IsValid=true, Min=(X=-1638400.000 Y=-1638400.000 Z=-1638400.000), Max=(X=1638400.000 Y=1638400.000 Z=1638400.000) RuntimeGrid:None EditorOnly:0 RuntimeOnly:0 HLODRelevant:0 ListedInSceneOutliner:1 IsMainWorldOnly:0 FolderPath:Lighting FolderGuid:963EC3EB4002CCE9759E2EBA541A873A
 |   |   |- [+] [ 10]
 |   |   |   |- Guid:32D99D4C4B431897A65CB6B3E6A9CA95 BaseClass: NativeClass:/Script/Engine.StaticMeshActor Name:StaticMeshActor_7 Label:SM_Cube7 SpatiallyLoaded:1 Bounds:IsValid=true, Min=(X=1300.000 Y=2200.000 Z=0.000), Max=(X=1500.000 Y=2300.000 Z=200.000) RuntimeGrid:None EditorOnly:0 RuntimeOnly:0 HLODRelevant:1 ListedInSceneOutliner:1 IsMainWorldOnly:0 FolderPath:Block01 FolderGuid:7D23E5AE4C2A421F86AF6986D87E6D05
 |   |   |- [+] [ 11]
 |   |   |   |- Guid:39C433B4484BE6BB5B21EE909B9ECF2C BaseClass: NativeClass:/Script/Engine.StaticMeshActor Name:StaticMeshActor_21 Label:SM_QuarterCylinder3 SpatiallyLoaded:1 Bounds:IsValid=true, Min=(X=1500.000 Y=2200.000 Z=0.000), Max=(X=1600.000 Y=2300.000 Z=200.000) RuntimeGrid:None EditorOnly:0 RuntimeOnly:0 HLODRelevant:1 ListedInSceneOutliner:1 IsMainWorldOnly:0 FolderPath:Block01 FolderGuid:7D23E5AE4C2A421F86AF6986D87E6D05
 |   |   |- [+] [ 12]
 |   |   |   |- Guid:3E0D3E3E43440E21E5E485AF96C9A983 BaseClass: NativeClass:/Script/Engine.StaticMeshActor Name:StaticMeshActor_3 Label:SM_Ramp SpatiallyLoaded:1 Bounds:IsValid=true, Min=(X=1300.000 Y=600.000 Z=0.000), Max=(X=1700.000 Y=800.000 Z=30.000) RuntimeGrid:None EditorOnly:0 RuntimeOnly:0 HLODRelevant:1 ListedInSceneOutliner:1 IsMainWorldOnly:0
 |   |   |- [+] [ 13]
 |   |   |   |- Guid:3E7EBCF94B0AE65A1134AEA4D1223462 BaseClass: NativeClass:/Script/Engine.PlayerStart Name:PlayerStart_0 Label:PlayerStart SpatiallyLoaded:0 Bounds:IsValid=true, Min=(X=860.000 Y=1070.000 Z=0.013), Max=(X=940.000 Y=1150.000 Z=184.013) RuntimeGrid:None EditorOnly:0 RuntimeOnly:0 HLODRelevant:0 ListedInSceneOutliner:1 IsMainWorldOnly:0
 |   |   |- [+] [ 14]
 |   |   |   |- Guid:41BD9E3E465CB4B6C8ABD2A7EE4DE1E7 BaseClass: NativeClass:/Script/Engine.StaticMeshActor Name:StaticMeshActor_20 Label:SM_Cube12 SpatiallyLoaded:1 Bounds:IsValid=true, Min=(X=2500.000 Y=2700.000 Z=0.000), Max=(X=2600.000 Y=2800.000 Z=200.000) RuntimeGrid:None EditorOnly:0 RuntimeOnly:0 HLODRelevant:1 ListedInSceneOutliner:1 IsMainWorldOnly:0 FolderPath:Block02 FolderGuid:EBA23F8248252949750E43911A3A1CDD
 |   |   |- [+] [ 15]
 |   |   |   |- Guid:434ABE7D41C575C26C434B86B8723477 BaseClass: NativeClass:/Script/Engine.StaticMeshActor Name:StaticMeshActor_13 Label:SM_Cube9 SpatiallyLoaded:1 Bounds:IsValid=true, Min=(X=1800.000 Y=1500.000 Z=0.000), Max=(X=2000.000 Y=2200.000 Z=100.000) RuntimeGrid:None EditorOnly:0 RuntimeOnly:0 HLODRelevant:1 ListedInSceneOutliner:1 IsMainWorldOnly:0 FolderPath:Block01 FolderGuid:7D23E5AE4C2A421F86AF6986D87E6D05
 |   |   |- [+] [ 16]
 |   |   |   |- Guid:4E796C4B426EE9FEDFA71E8C19361ED7 BaseClass: NativeClass:/Script/Engine.StaticMeshActor Name:StaticMeshActor_11 Label:SM_ChamferCube3 SpatiallyLoaded:1 Bounds:IsValid=true, Min=(X=481.699 Y=2271.699 Z=0.013), Max=(X=618.301 Y=2408.301 Z=100.013) RuntimeGrid:None EditorOnly:0 RuntimeOnly:0 HLODRelevant:0 ListedInSceneOutliner:1 IsMainWorldOnly:0
 |   |   |- [+] [ 17]
 |   |   |   |- Guid:4E7BD71C42782C2E1633F7B0221C8F70 BaseClass: NativeClass:/Script/Engine.StaticMeshActor Name:StaticMeshActor_32 Label:SM_QuarterCylinder11 SpatiallyLoaded:1 Bounds:IsValid=true, Min=(X=2200.000 Y=700.000 Z=-0.000), Max=(X=2400.000 Y=900.000 Z=100.000) RuntimeGrid:None EditorOnly:0 RuntimeOnly:0 HLODRelevant:1 ListedInSceneOutliner:1 IsMainWorldOnly:0 FolderPath:Cylinder FolderGuid:D075E5BA49330D3EC2503D81A7CF88D1
 |   |   |- [+] [ 18]
 |   |   |   |- Guid:534927D34DA587A165CCF7994DE90914 BaseClass: NativeClass:/Script/Engine.TextRenderActor Name:TextRenderActor_1 Label:TextRenderActor SpatiallyLoaded:1 Bounds:IsValid=true, Min=(X=-0.100 Y=1100.000 Z=65.013), Max=(X=-0.100 Y=2392.308 Z=215.013) RuntimeGrid:None EditorOnly:0 RuntimeOnly:0 HLODRelevant:0 ListedInSceneOutliner:1 IsMainWorldOnly:0
 |   |   |- [+] [ 19]
 |   |   |   |- Guid:54FAF8154CE0E427392C17B7AB238D92 BaseClass: NativeClass:/Script/Engine.StaticMeshActor Name:StaticMeshActor_5 Label:SM_Cube2 SpatiallyLoaded:1 Bounds:IsValid=true, Min=(X=0.000 Y=0.000 Z=0.000), Max=(X=3000.000 Y=100.000 Z=400.000) RuntimeGrid:None EditorOnly:0 RuntimeOnly:0 HLODRelevant:1 ListedInSceneOutliner:1 IsMainWorldOnly:0 FolderPath:Playground FolderGuid:C73F09FC4215536B1DCE2A9E0A830C70
 |   |   |- [+] [ 20]
 |   |   |   |- Guid:5EE2D3CC45B1F037D0A1C2A5C12A861C BaseClass: NativeClass:/Script/Engine.PlayerStart Name:PlayerStart_UAID_B40EDE8A8EF4FDCE02_1189139561 Label:PlayerStart4 SpatiallyLoaded:0 Bounds:IsValid=true, Min=(X=860.000 Y=543.000 Z=0.013), Max=(X=940.000 Y=623.000 Z=184.013) RuntimeGrid:None EditorOnly:0 RuntimeOnly:0 HLODRelevant:0 ListedInSceneOutliner:1 IsMainWorldOnly:0
 |   |   |- [+] [ 21]
 |   |   |   |- Guid:611298CD4C8C423440E86DA22522458D BaseClass: NativeClass:/Script/Engine.StaticMeshActor Name:StaticMeshActor_14 Label:SM_Ramp3 SpatiallyLoaded:1 Bounds:IsValid=true, Min=(X=1800.000 Y=1700.000 Z=100.000), Max=(X=2000.000 Y=2100.000 Z=200.000) RuntimeGrid:None EditorOnly:0 RuntimeOnly:0 HLODRelevant:1 ListedInSceneOutliner:1 IsMainWorldOnly:0 FolderPath:Block01 FolderGuid:7D23E5AE4C2A421F86AF6986D87E6D05
 |   |   |- [+] [ 22]
 |   |   |   |- Guid:61A851004B3F81A00D27F4A82988AE67 BaseClass: NativeClass:/Script/Engine.StaticMeshActor Name:StaticMeshActor_18 Label:SM_QuarterCylinder SpatiallyLoaded:1 Bounds:IsValid=true, Min=(X=2500.000 Y=2800.000 Z=0.000), Max=(X=2600.000 Y=2900.000 Z=200.000) RuntimeGrid:None EditorOnly:0 RuntimeOnly:0 HLODRelevant:1 ListedInSceneOutliner:1 IsMainWorldOnly:0 FolderPath:Block02 FolderGuid:EBA23F8248252949750E43911A3A1CDD
 |   |   |- [+] [ 23]
 |   |   |   |- Guid:63C2BB0048132BCD49261582E009F9F5 BaseClass: NativeClass:/Script/Engine.DirectionalLight Name:DirectionalLight_0 Label:DirectionalLight SpatiallyLoaded:0 Bounds:Invalid RuntimeGrid:None EditorOnly:0 RuntimeOnly:0 HLODRelevant:0 ListedInSceneOutliner:1 IsMainWorldOnly:0 FolderPath:Lighting FolderGuid:963EC3EB4002CCE9759E2EBA541A873A
 |   |   |- [+] [ 24]
 |   |   |   |- Guid:6B08153243E206205E39D6B7DE3F9171 BaseClass: NativeClass:/Script/Engine.StaticMeshActor Name:StaticMeshActor_16 Label:SM_Cube11 SpatiallyLoaded:1 Bounds:IsValid=true, Min=(X=400.000 Y=2600.000 Z=0.000), Max=(X=700.000 Y=2900.000 Z=200.000) RuntimeGrid:None EditorOnly:0 RuntimeOnly:0 HLODRelevant:1 ListedInSceneOutliner:1 IsMainWorldOnly:0 FolderPath:Block03 FolderGuid:7B7009C345D3D6DD94D3429E1D79C034
 |   |   |- [+] [ 25]
 |   |   |   |- Guid:6C965174460D8662150478826F93E292 BaseClass: NativeClass:/Script/Engine.VolumetricCloud Name:VolumetricCloud_0 Label:VolumetricCloud SpatiallyLoaded:0 Bounds:IsValid=true, Min=(X=0.000 Y=0.000 Z=820.000), Max=(X=0.000 Y=0.000 Z=820.000) RuntimeGrid:None EditorOnly:0 RuntimeOnly:0 HLODRelevant:0 ListedInSceneOutliner:1 IsMainWorldOnly:0 FolderPath:Lighting FolderGuid:963EC3EB4002CCE9759E2EBA541A873A
 |   |   |- [+] [ 26]
 |   |   |   |- Guid:6E17D19D431862B6B2B57399038AF01D BaseClass: NativeClass:/Script/Engine.WorldDataLayers Name:WorldDataLayers Label:WorldDataLayers SpatiallyLoaded:0 Bounds:Invalid RuntimeGrid:None EditorOnly:0 RuntimeOnly:0 HLODRelevant:0 ListedInSceneOutliner:1 IsMainWorldOnly:1
 |   |   |- [+] [ 27]
 |   |   |   |- Guid:78EFB73E48A10AB4E8B623B03E43743A BaseClass: NativeClass:/Script/Engine.PostProcessVolume Name:PostProcessVolume_0 Label:PostProcessVolume SpatiallyLoaded:0 Bounds:IsValid=true, Min=(X=0.000 Y=0.000 Z=400.000), Max=(X=200.000 Y=200.000 Z=600.000) RuntimeGrid:None EditorOnly:0 RuntimeOnly:0 HLODRelevant:0 ListedInSceneOutliner:1 IsMainWorldOnly:0 FolderPath:Lighting FolderGuid:963EC3EB4002CCE9759E2EBA541A873A
 |   |   |- [+] [ 28]
 |   |   |   |- Guid:8028A5284A876B0612EC1B9CBB332199 BaseClass: NativeClass:/Script/Engine.StaticMeshActor Name:StaticMeshActor_1 Label:SM_Cube SpatiallyLoaded:1 Bounds:IsValid=true, Min=(X=0.000 Y=0.000 Z=-50.000), Max=(X=3000.000 Y=3500.000 Z=0.000) RuntimeGrid:None EditorOnly:0 RuntimeOnly:0 HLODRelevant:1 ListedInSceneOutliner:1 IsMainWorldOnly:0 FolderPath:Playground FolderGuid:C73F09FC4215536B1DCE2A9E0A830C70
 |   |   |- [+] [ 29]
 |   |   |   |- Guid:91D373A8440DFD87D52737B9F7D45C39 BaseClass: NativeClass:/Script/Engine.StaticMeshActor Name:StaticMeshActor_9 Label:SM_Ramp2 SpatiallyLoaded:1 Bounds:IsValid=true, Min=(X=1400.000 Y=1500.000 Z=0.000), Max=(X=1800.000 Y=1700.000 Z=100.000) RuntimeGrid:None EditorOnly:0 RuntimeOnly:0 HLODRelevant:1 ListedInSceneOutliner:1 IsMainWorldOnly:0 FolderPath:Block01 FolderGuid:7D23E5AE4C2A421F86AF6986D87E6D05
 |   |   |- [+] [ 30]
 |   |   |   |- Guid:9593A6ED46B0E015E7270293E42850E6 BaseClass: NativeClass:/Script/Engine.StaticMeshActor Name:StaticMeshActor_22 Label:SM_QuarterCylinder4 SpatiallyLoaded:1 Bounds:IsValid=true, Min=(X=300.000 Y=2600.000 Z=0.000), Max=(X=400.000 Y=2700.000 Z=200.000) RuntimeGrid:None EditorOnly:0 RuntimeOnly:0 HLODRelevant:1 ListedInSceneOutliner:1 IsMainWorldOnly:0 FolderPath:Block03 FolderGuid:7B7009C345D3D6DD94D3429E1D79C034
 |   |   |- [+] [ 31]
 |   |   |   |- Guid:AB81FDD8421D4456EB8CA2B20C1F52FA BaseClass: NativeClass:/Script/Engine.StaticMeshActor Name:StaticMeshActor_25 Label:SM_QuarterCylinder6 SpatiallyLoaded:1 Bounds:IsValid=true, Min=(X=1200.000 Y=2200.000 Z=0.000), Max=(X=1300.000 Y=2300.000 Z=200.000) RuntimeGrid:None EditorOnly:0 RuntimeOnly:0 HLODRelevant:1 ListedInSceneOutliner:1 IsMainWorldOnly:0 FolderPath:Block01 FolderGuid:7D23E5AE4C2A421F86AF6986D87E6D05
 |   |   |- [+] [ 32]
 |   |   |   |- Guid:B0A1309F49C5EF53CEA94EA0AECB541C BaseClass: NativeClass:/Script/Engine.SkyLight Name:SkyLight_1 Label:SkyLight SpatiallyLoaded:0 Bounds:IsValid=true, Min=(X=0.000 Y=0.000 Z=690.000), Max=(X=0.000 Y=0.000 Z=690.000) RuntimeGrid:None EditorOnly:0 RuntimeOnly:0 HLODRelevant:0 ListedInSceneOutliner:1 IsMainWorldOnly:0 FolderPath:Lighting FolderGuid:963EC3EB4002CCE9759E2EBA541A873A
 |   |   |- [+] [ 33]
 |   |   |   |- Guid:BCAAEDB4416F9C6EBCECE7AF0FA03B62 BaseClass: NativeClass:/Script/Engine.StaticMeshActor Name:StaticMeshActor_12 Label:SM_Cube8 SpatiallyLoaded:1 Bounds:IsValid=true, Min=(X=1300.000 Y=2600.000 Z=0.000), Max=(X=2500.000 Y=2900.000 Z=200.000) RuntimeGrid:None EditorOnly:0 RuntimeOnly:0 HLODRelevant:1 ListedInSceneOutliner:1 IsMainWorldOnly:0 FolderPath:Block02 FolderGuid:EBA23F8248252949750E43911A3A1CDD
 |   |   |- [+] [ 34]
 |   |   |   |- Guid:BCE8F6D44E4133F49820CDBC80ED90E1 BaseClass: NativeClass:/Script/Engine.StaticMeshActor Name:StaticMeshActor_15 Label:SM_Cube10 SpatiallyLoaded:1 Bounds:IsValid=true, Min=(X=1800.000 Y=2100.000 Z=100.000), Max=(X=2000.000 Y=2200.000 Z=200.000) RuntimeGrid:None EditorOnly:0 RuntimeOnly:0 HLODRelevant:1 ListedInSceneOutliner:1 IsMainWorldOnly:0 FolderPath:Block01 FolderGuid:7D23E5AE4C2A421F86AF6986D87E6D05
 |   |   |- [+] [ 35]
 |   |   |   |- Guid:C4489185445EF0A44CC5A4BA7F9C7E58 BaseClass: NativeClass:/Script/Engine.PlayerStart Name:PlayerStart_UAID_B40EDE8A8EF4FDCE02_1187538560 Label:PlayerStart3 SpatiallyLoaded:0 Bounds:IsValid=true, Min=(X=860.000 Y=713.000 Z=0.013), Max=(X=940.000 Y=793.000 Z=184.013) RuntimeGrid:None EditorOnly:0 RuntimeOnly:0 HLODRelevant:0 ListedInSceneOutliner:1 IsMainWorldOnly:0
 |   |   |- [+] [ 36]
 |   |   |   |- Guid:C90A6C49482013D58E74FA8735643319 BaseClass: NativeClass:/Script/Engine.StaticMeshActor Name:StaticMeshActor_6 Label:SM_Cube3 SpatiallyLoaded:1 Bounds:IsValid=true, Min=(X=0.000 Y=3400.000 Z=0.000), Max=(X=3000.000 Y=3500.000 Z=400.000) RuntimeGrid:None EditorOnly:0 RuntimeOnly:0 HLODRelevant:1 ListedInSceneOutliner:1 IsMainWorldOnly:0 FolderPath:Playground FolderGuid:C73F09FC4215536B1DCE2A9E0A830C70
 |   |   |- [+] [ 37]
 |   |   |   |- Guid:CD399727455E72972807CC85D9DF5671 BaseClass: NativeClass:/Script/Engine.StaticMeshActor Name:StaticMeshActor_8 Label:SM_Cube4 SpatiallyLoaded:1 Bounds:IsValid=true, Min=(X=1200.000 Y=1700.000 Z=0.000), Max=(X=1800.000 Y=2200.000 Z=200.000) RuntimeGrid:None EditorOnly:0 RuntimeOnly:0 HLODRelevant:1 ListedInSceneOutliner:1 IsMainWorldOnly:0 FolderPath:Block01 FolderGuid:7D23E5AE4C2A421F86AF6986D87E6D05
 |   |   |- [+] [ 38]
 |   |   |   |- Guid:D2C59B2D4A5A9B97131C7C9ED4AD208A BaseClass: NativeClass:/Script/Engine.StaticMeshActor Name:StaticMeshActor_34 Label:SM_QuarterCylinder13 SpatiallyLoaded:1 Bounds:IsValid=true, Min=(X=2000.000 Y=500.000 Z=0.000), Max=(X=2200.000 Y=700.000 Z=100.000) RuntimeGrid:None EditorOnly:0 RuntimeOnly:0 HLODRelevant:1 ListedInSceneOutliner:1 IsMainWorldOnly:0 FolderPath:Cylinder FolderGuid:D075E5BA49330D3EC2503D81A7CF88D1
 |   |   |- [+] [ 39]
 |   |   |   |- Guid:E080F30A4761BD027A2EC486A565147A BaseClass: NativeClass:/Script/Engine.ExponentialHeightFog Name:ExponentialHeightFog_0 Label:ExponentialHeightFog SpatiallyLoaded:0 Bounds:IsValid=true, Min=(X=-5600.000 Y=-50.000 Z=-6850.000), Max=(X=-5600.000 Y=-50.000 Z=-6850.000) RuntimeGrid:None EditorOnly:0 RuntimeOnly:0 HLODRelevant:0 ListedInSceneOutliner:1 IsMainWorldOnly:0 FolderPath:Lighting FolderGuid:963EC3EB4002CCE9759E2EBA541A873A
 |   |   |- [+] [ 40]
 |   |   |   |- Guid:E3B324F14FD4585BAB8F08BC7D7EEB13 BaseClass: NativeClass:/Script/Engine.StaticMeshActor Name:StaticMeshActor_35 Label:SM_QuarterCylinder14 SpatiallyLoaded:1 Bounds:IsValid=true, Min=(X=2200.000 Y=500.000 Z=0.000), Max=(X=2400.000 Y=700.000 Z=100.000) RuntimeGrid:None EditorOnly:0 RuntimeOnly:0 HLODRelevant:1 ListedInSceneOutliner:1 IsMainWorldOnly:0 FolderPath:Cylinder FolderGuid:D075E5BA49330D3EC2503D81A7CF88D1
 |   |   |- [+] [ 41]
 |   |   |   |- Guid:F89B6C08481690737CACA2B53ABFDFB2 BaseClass: NativeClass:/Script/Engine.StaticMeshActor Name:StaticMeshActor_2 Label:SM_ChamferCube SpatiallyLoaded:1 Bounds:IsValid=true, Min=(X=1100.000 Y=2000.000 Z=0.013), Max=(X=1200.000 Y=2100.000 Z=100.013) RuntimeGrid:None EditorOnly:0 RuntimeOnly:0 HLODRelevant:0 ListedInSceneOutliner:1 IsMainWorldOnly:0
 |- ContainerInstances:
 |- [+] MainContainer:
 |   |-        ID: 00000000000000000000000000000000
 |   |-  ParentID: 00000000000000000000000000000000
 |   |-    Bounds: IsValid=false, Min=(X=0.000 Y=0.000 Z=0.000), Max=(X=0.000 Y=0.000 Z=0.000)
 |   |- Transform: 0.000000,0.000000,0.000000|0.000000,0.000000,-0.000000|1.000000,1.000000,1.000000
 |   |- Container: /Game/Profesor/Clase16/MainGameLevel
----------------------------------------------------------------------------------------------------------------
MainGameLevel - Persistent Level
----------------------------------------------------------------------------------------------------------------
[+] Content of MainGameLevel Persistent Level
 |- Always loaded Actor Count: 42 
 |- Actor Path: /Game/Profesor/Clase16/UEDPIE_1_MainGameLevel.MainGameLevel:PersistentLevel.DirectionalLight_0
 |- Actor Package: /Game/Profesor/Clase16/UEDPIE_1_MainGameLevel_InstanceOf_/Game/__ExternalActors__/Profesor/Clase16/MainGameLevel/B/RW/N7HWWDLKI80FK1V1NUDJDR
 |- Actor Path: /Game/Profesor/Clase16/UEDPIE_1_MainGameLevel.MainGameLevel:PersistentLevel.ExponentialHeightFog_0
 |- Actor Package: /Game/Profesor/Clase16/UEDPIE_1_MainGameLevel_InstanceOf_/Game/__ExternalActors__/Profesor/Clase16/MainGameLevel/4/I7/B78YKTDSRDICR9UMR5K96P
 |- Actor Path: /Game/Profesor/Clase16/UEDPIE_1_MainGameLevel.MainGameLevel:PersistentLevel.PlayerStart_0
 |- Actor Package: /Game/Profesor/Clase16/UEDPIE_1_MainGameLevel_InstanceOf_/Game/__ExternalActors__/Profesor/Clase16/MainGameLevel/D/3B/0JB803K0MYC9ZSFY2EA6PD
 |- Actor Path: /Game/Profesor/Clase16/UEDPIE_1_MainGameLevel.MainGameLevel:PersistentLevel.PlayerStart_UAID_B40EDE8A8EF4FDCE02_1185902559
 |- Actor Package: /Game/Profesor/Clase16/UEDPIE_1_MainGameLevel_InstanceOf_/Game/__ExternalActors__/Profesor/Clase16/MainGameLevel/1/BW/EV6SPJ89W5SM1A0BXTTGL1
 |- Actor Path: /Game/Profesor/Clase16/UEDPIE_1_MainGameLevel.MainGameLevel:PersistentLevel.PlayerStart_UAID_B40EDE8A8EF4FDCE02_1187538560
 |- Actor Package: /Game/Profesor/Clase16/UEDPIE_1_MainGameLevel_InstanceOf_/Game/__ExternalActors__/Profesor/Clase16/MainGameLevel/C/SF/1ML4E1FNV2AE8UWO08K27L
 |- Actor Path: /Game/Profesor/Clase16/UEDPIE_1_MainGameLevel.MainGameLevel:PersistentLevel.PlayerStart_UAID_B40EDE8A8EF4FDCE02_1189139561
 |- Actor Package: /Game/Profesor/Clase16/UEDPIE_1_MainGameLevel_InstanceOf_/Game/__ExternalActors__/Profesor/Clase16/MainGameLevel/A/91/PY51IFLE8WQY94XFKD63LE
 |- Actor Path: /Game/Profesor/Clase16/UEDPIE_1_MainGameLevel.MainGameLevel:PersistentLevel.PostProcessVolume_0
 |- Actor Package: /Game/Profesor/Clase16/UEDPIE_1_MainGameLevel_InstanceOf_/Game/__ExternalActors__/Profesor/Clase16/MainGameLevel/1/9K/42MQU5GTJEUW86IS1TNXKC
 |- Actor Path: /Game/Profesor/Clase16/UEDPIE_1_MainGameLevel.MainGameLevel:PersistentLevel.SkyAtmosphere_0
 |- Actor Package: /Game/Profesor/Clase16/UEDPIE_1_MainGameLevel_InstanceOf_/Game/__ExternalActors__/Profesor/Clase16/MainGameLevel/D/TE/A8OYLG0HETUN1ATDUN7MDZ
 |- Actor Path: /Game/Profesor/Clase16/UEDPIE_1_MainGameLevel.MainGameLevel:PersistentLevel.SkyLight_1
 |- Actor Package: /Game/Profesor/Clase16/UEDPIE_1_MainGameLevel_InstanceOf_/Game/__ExternalActors__/Profesor/Clase16/MainGameLevel/D/9F/VS8SL12NOAQNTFS15YMGJC
 |- Actor Path: /Game/Profesor/Clase16/UEDPIE_1_MainGameLevel.MainGameLevel:PersistentLevel.StaticMeshActor_0
 |- Actor Package: /Game/Profesor/Clase16/UEDPIE_1_MainGameLevel_InstanceOf_/Game/__ExternalActors__/Profesor/Clase16/MainGameLevel/E/YJ/G0KRS9R05OGZ4UJT91I5M7
 |- Actor Path: /Game/Profesor/Clase16/UEDPIE_1_MainGameLevel.MainGameLevel:PersistentLevel.StaticMeshActor_1
 |- Actor Package: /Game/Profesor/Clase16/UEDPIE_1_MainGameLevel_InstanceOf_/Game/__ExternalActors__/Profesor/Clase16/MainGameLevel/F/30/AIZMYGI5H6ANY98ZXCLX9D
 |- Actor Path: /Game/Profesor/Clase16/UEDPIE_1_MainGameLevel.MainGameLevel:PersistentLevel.StaticMeshActor_10
 |- Actor Package: /Game/Profesor/Clase16/UEDPIE_1_MainGameLevel_InstanceOf_/Game/__ExternalActors__/Profesor/Clase16/MainGameLevel/7/46/KSB57J3RL6632ZB7TM3QK0
 |- Actor Path: /Game/Profesor/Clase16/UEDPIE_1_MainGameLevel.MainGameLevel:PersistentLevel.StaticMeshActor_11
 |- Actor Package: /Game/Profesor/Clase16/UEDPIE_1_MainGameLevel_InstanceOf_/Game/__ExternalActors__/Profesor/Clase16/MainGameLevel/6/NU/HXVHGSYG4PN1VEJFSXPY2E
 |- Actor Path: /Game/Profesor/Clase16/UEDPIE_1_MainGameLevel.MainGameLevel:PersistentLevel.StaticMeshActor_12
 |- Actor Package: /Game/Profesor/Clase16/UEDPIE_1_MainGameLevel_InstanceOf_/Game/__ExternalActors__/Profesor/Clase16/MainGameLevel/F/1H/N4VYPVG3KJUN1WUBPEKPX1
 |- Actor Path: /Game/Profesor/Clase16/UEDPIE_1_MainGameLevel.MainGameLevel:PersistentLevel.StaticMeshActor_13
 |- Actor Package: /Game/Profesor/Clase16/UEDPIE_1_MainGameLevel_InstanceOf_/Game/__ExternalActors__/Profesor/Clase16/MainGameLevel/1/T9/W6PB39TGVEEY581AVA3W7O
 |- Actor Path: /Game/Profesor/Clase16/UEDPIE_1_MainGameLevel.MainGameLevel:PersistentLevel.StaticMeshActor_14
 |- Actor Package: /Game/Profesor/Clase16/UEDPIE_1_MainGameLevel_InstanceOf_/Game/__ExternalActors__/Profesor/Clase16/MainGameLevel/5/HV/4QIDY5ZVUFL7RW0S6ZNLLB
 |- Actor Path: /Game/Profesor/Clase16/UEDPIE_1_MainGameLevel.MainGameLevel:PersistentLevel.StaticMeshActor_15
 |- Actor Package: /Game/Profesor/Clase16/UEDPIE_1_MainGameLevel_InstanceOf_/Game/__ExternalActors__/Profesor/Clase16/MainGameLevel/C/K3/KQQSP12A70BZN0OQSPDW6B
 |- Actor Path: /Game/Profesor/Clase16/UEDPIE_1_MainGameLevel.MainGameLevel:PersistentLevel.StaticMeshActor_16
 |- Actor Package: /Game/Profesor/Clase16/UEDPIE_1_MainGameLevel_InstanceOf_/Game/__ExternalActors__/Profesor/Clase16/MainGameLevel/7/8X/L5IBDVAHUJWNLEOUE0MT0G
 |- Actor Path: /Game/Profesor/Clase16/UEDPIE_1_MainGameLevel.MainGameLevel:PersistentLevel.StaticMeshActor_18
 |- Actor Package: /Game/Profesor/Clase16/UEDPIE_1_MainGameLevel_InstanceOf_/Game/__ExternalActors__/Profesor/Clase16/MainGameLevel/3/KV/F57KL6JAK6ZSY9CIQWW2PJ
 |- Actor Path: /Game/Profesor/Clase16/UEDPIE_1_MainGameLevel.MainGameLevel:PersistentLevel.StaticMeshActor_19
 |- Actor Package: /Game/Profesor/Clase16/UEDPIE_1_MainGameLevel_InstanceOf_/Game/__ExternalActors__/Profesor/Clase16/MainGameLevel/2/13/G2UIT2CCZCYS9IUUZK3YL5
 |- Actor Path: /Game/Profesor/Clase16/UEDPIE_1_MainGameLevel.MainGameLevel:PersistentLevel.StaticMeshActor_2
 |- Actor Package: /Game/Profesor/Clase16/UEDPIE_1_MainGameLevel_InstanceOf_/Game/__ExternalActors__/Profesor/Clase16/MainGameLevel/7/7F/QZZA116VQBDERXV51KU6IF
 |- Actor Path: /Game/Profesor/Clase16/UEDPIE_1_MainGameLevel.MainGameLevel:PersistentLevel.StaticMeshActor_20
 |- Actor Package: /Game/Profesor/Clase16/UEDPIE_1_MainGameLevel_InstanceOf_/Game/__ExternalActors__/Profesor/Clase16/MainGameLevel/6/JG/0NM3LEATN9ZBG9ISOPAFBH
 |- Actor Path: /Game/Profesor/Clase16/UEDPIE_1_MainGameLevel.MainGameLevel:PersistentLevel.StaticMeshActor_21
 |- Actor Package: /Game/Profesor/Clase16/UEDPIE_1_MainGameLevel_InstanceOf_/Game/__ExternalActors__/Profesor/Clase16/MainGameLevel/6/Y0/KFBPAH0E1XBVM07ZOPDNZO
 |- Actor Path: /Game/Profesor/Clase16/UEDPIE_1_MainGameLevel.MainGameLevel:PersistentLevel.StaticMeshActor_22
 |- Actor Package: /Game/Profesor/Clase16/UEDPIE_1_MainGameLevel_InstanceOf_/Game/__ExternalActors__/Profesor/Clase16/MainGameLevel/9/GH/RAM6BZV8YI4JPQWBBJ4ZPB
 |- Actor Path: /Game/Profesor/Clase16/UEDPIE_1_MainGameLevel.MainGameLevel:PersistentLevel.StaticMeshActor_23
 |- Actor Package: /Game/Profesor/Clase16/UEDPIE_1_MainGameLevel_InstanceOf_/Game/__ExternalActors__/Profesor/Clase16/MainGameLevel/6/UC/D8OQN1QASBA6LN5L7XYWQI
 |- Actor Path: /Game/Profesor/Clase16/UEDPIE_1_MainGameLevel.MainGameLevel:PersistentLevel.StaticMeshActor_24
 |- Actor Package: /Game/Profesor/Clase16/UEDPIE_1_MainGameLevel_InstanceOf_/Game/__ExternalActors__/Profesor/Clase16/MainGameLevel/6/UE/SZJ6YT12CYS0G2ZMY53AZZ
 |- Actor Path: /Game/Profesor/Clase16/UEDPIE_1_MainGameLevel.MainGameLevel:PersistentLevel.StaticMeshActor_25
 |- Actor Package: /Game/Profesor/Clase16/UEDPIE_1_MainGameLevel_InstanceOf_/Game/__ExternalActors__/Profesor/Clase16/MainGameLevel/C/KU/92N6HC1GP6RGPCX9BZU4MH
 |- Actor Path: /Game/Profesor/Clase16/UEDPIE_1_MainGameLevel.MainGameLevel:PersistentLevel.StaticMeshActor_3
 |- Actor Package: /Game/Profesor/Clase16/UEDPIE_1_MainGameLevel_InstanceOf_/Game/__ExternalActors__/Profesor/Clase16/MainGameLevel/9/ZT/TO2DQXEXGILY7VL0OYBUKT
 |- Actor Path: /Game/Profesor/Clase16/UEDPIE_1_MainGameLevel.MainGameLevel:PersistentLevel.StaticMeshActor_32
 |- Actor Package: /Game/Profesor/Clase16/UEDPIE_1_MainGameLevel_InstanceOf_/Game/__ExternalActors__/Profesor/Clase16/MainGameLevel/E/EQ/EEDAALGDTJTT31SPLIPN6Q
 |- Actor Path: /Game/Profesor/Clase16/UEDPIE_1_MainGameLevel.MainGameLevel:PersistentLevel.StaticMeshActor_33
 |- Actor Package: /Game/Profesor/Clase16/UEDPIE_1_MainGameLevel_InstanceOf_/Game/__ExternalActors__/Profesor/Clase16/MainGameLevel/1/7E/3ED442OMKIODOBVEEG6STO
 |- Actor Path: /Game/Profesor/Clase16/UEDPIE_1_MainGameLevel.MainGameLevel:PersistentLevel.StaticMeshActor_34
 |- Actor Package: /Game/Profesor/Clase16/UEDPIE_1_MainGameLevel_InstanceOf_/Game/__ExternalActors__/Profesor/Clase16/MainGameLevel/6/EN/9BNT3TZN5RGA9XV9MBI1WO
 |- Actor Path: /Game/Profesor/Clase16/UEDPIE_1_MainGameLevel.MainGameLevel:PersistentLevel.StaticMeshActor_35
 |- Actor Package: /Game/Profesor/Clase16/UEDPIE_1_MainGameLevel_InstanceOf_/Game/__ExternalActors__/Profesor/Clase16/MainGameLevel/1/NI/0O9RLS1AY8BG2DZV11DRAS
 |- Actor Path: /Game/Profesor/Clase16/UEDPIE_1_MainGameLevel.MainGameLevel:PersistentLevel.StaticMeshActor_4
 |- Actor Package: /Game/Profesor/Clase16/UEDPIE_1_MainGameLevel_InstanceOf_/Game/__ExternalActors__/Profesor/Clase16/MainGameLevel/B/HK/XCOQ2CN7LEE2KFERMJGZI2
 |- Actor Path: /Game/Profesor/Clase16/UEDPIE_1_MainGameLevel.MainGameLevel:PersistentLevel.StaticMeshActor_5
 |- Actor Package: /Game/Profesor/Clase16/UEDPIE_1_MainGameLevel_InstanceOf_/Game/__ExternalActors__/Profesor/Clase16/MainGameLevel/6/DI/3I65UMYPLWWOWGGZ0ODMOV
 |- Actor Path: /Game/Profesor/Clase16/UEDPIE_1_MainGameLevel.MainGameLevel:PersistentLevel.StaticMeshActor_6
 |- Actor Package: /Game/Profesor/Clase16/UEDPIE_1_MainGameLevel_InstanceOf_/Game/__ExternalActors__/Profesor/Clase16/MainGameLevel/4/PL/K477IRKOS519PYV0QSEEGR
 |- Actor Path: /Game/Profesor/Clase16/UEDPIE_1_MainGameLevel.MainGameLevel:PersistentLevel.StaticMeshActor_7
 |- Actor Package: /Game/Profesor/Clase16/UEDPIE_1_MainGameLevel_InstanceOf_/Game/__ExternalActors__/Profesor/Clase16/MainGameLevel/3/A4/8F7528LYKV1QJWPDX3M74Q
 |- Actor Path: /Game/Profesor/Clase16/UEDPIE_1_MainGameLevel.MainGameLevel:PersistentLevel.StaticMeshActor_8
 |- Actor Package: /Game/Profesor/Clase16/UEDPIE_1_MainGameLevel_InstanceOf_/Game/__ExternalActors__/Profesor/Clase16/MainGameLevel/2/4H/E5EKT1B2UKTSYEHW65T0X0
 |- Actor Path: /Game/Profesor/Clase16/UEDPIE_1_MainGameLevel.MainGameLevel:PersistentLevel.StaticMeshActor_9
 |- Actor Package: /Game/Profesor/Clase16/UEDPIE_1_MainGameLevel_InstanceOf_/Game/__ExternalActors__/Profesor/Clase16/MainGameLevel/3/18/VKGS03CZITIJVVQP9FUWNW
 |- Actor Path: /Game/Profesor/Clase16/UEDPIE_1_MainGameLevel.MainGameLevel:PersistentLevel.StaticMeshActor_UAID_A4AE111137DC5EFB00_1110535423
 |- Actor Package: /Game/Profesor/Clase16/UEDPIE_1_MainGameLevel_InstanceOf_/Game/__ExternalActors__/Profesor/Clase16/MainGameLevel/6/DI/XF6M8TVCND7QBX8WG6OZT9
 |- Actor Path: /Game/Profesor/Clase16/UEDPIE_1_MainGameLevel.MainGameLevel:PersistentLevel.TextRenderActor_1
 |- Actor Package: /Game/Profesor/Clase16/UEDPIE_1_MainGameLevel_InstanceOf_/Game/__ExternalActors__/Profesor/Clase16/MainGameLevel/6/AE/4NQONK275EPRCJ9TFQTFPU
 |- Actor Path: /Game/Profesor/Clase16/UEDPIE_1_MainGameLevel.MainGameLevel:PersistentLevel.VolumetricCloud_0
 |- Actor Package: /Game/Profesor/Clase16/UEDPIE_1_MainGameLevel_InstanceOf_/Game/__ExternalActors__/Profesor/Clase16/MainGameLevel/A/IH/T2J0Y5G2E260TFCH1CAONM
 |- Actor Path: /Game/Profesor/Clase16/UEDPIE_1_MainGameLevel.MainGameLevel:PersistentLevel.WorldDataLayers
 |- Actor Package: /Game/__ExternalActors__/Profesor/Clase16/MainGameLevel/5/EU/09QOQG59EL7XRNJ9F4U8YF

----------------------------------------------------------------------------------------------------------------
MainGameLevel - Runtime Hash Set
----------------------------------------------------------------------------------------------------------------

